<data tilesize="32.0" showcollisions="false" camdistance="25.0"   >
	<row>
		<tile>
			<ground url="sets/OggettiCamera/black" walkable="false" />
		</tile>
		<tile>
			<ground url="sets/OggettiCamera/black" walkable="false" />
		</tile>
		<tile>
			<ground url="sets/OggettiCamera/black" walkable="false" />
		</tile>
		<tile>
			<ground url="sets/OggettiCamera/black" walkable="false" />
		</tile>
		<tile>
			<ground url="sets/OggettiCamera/black" walkable="false" />
		</tile>
		<tile>
			<ground url="sets/OggettiCamera/black" walkable="false" />
		</tile>
		<tile>
			<ground url="sets/OggettiCamera/black" walkable="false" />
		</tile>
	</row>
	<row>
		<tile>
			<ground url="sets/OggettiCamera/black" walkable="false" />
		</tile>
		<tile>
			<ground url="sets/OggettiCamera/pavimento" walkable="true" />
			<object scale="1.0" elevation="0.0" url="sets/OggettiCamera/lavandini" offsethorizontal="0.0" onPicked="script.load('scripts/bagno/lavandino.py')" offsetcollisionh="0.0" walkable="false" offsetcollisionv="-0.25" avoidable="False" offsetvertical="0.0" offsetheight="0.4" collisionmode="2d" offsetwidth="0.0" id="all" inclination="5.0" />
			<object scale="0.4" elevation="0.1" url="sets/OggettiCamera/boccio" offsethorizontal="-0.3" offsetcollisionh="0.0" walkable="true" offsetcollisionv="0.0" avoidable="False" offsetvertical="0.55" offsetheight="0.0" collisionmode="2d" offsetwidth="0.0" id="all" inclination="5.0" />
			<object scale="0.4" elevation="0.1" url="sets/OggettiCamera/saponetta" offsethorizontal="-0.3" offsetcollisionh="0.0" walkable="true" offsetcollisionv="0.0" avoidable="False" offsetvertical="0.65" offsetheight="0.0" collisionmode="2d" offsetwidth="0.0" id="all" inclination="5.0" />
		</tile>
		<tile>
			<ground url="sets/OggettiCamera/pavimento" walkable="true" />
			<object scale="0.4" elevation="0.1" url="sets/OggettiCamera/sapone" offsethorizontal="0.0" offsetcollisionh="0.0" walkable="true" offsetcollisionv="0.0" avoidable="False" offsetvertical="0.63" offsetheight="0.0" collisionmode="2d" offsetwidth="0.0" id="all" inclination="5.0" />
		</tile>
		<tile>
			<ground url="sets/OggettiCamera/pavimento" walkable="true" />
		</tile>
		<tile>
			<ground url="sets/OggettiCamera/pavimento" walkable="true" />
			<character direction="down" scale="11.0" url="lucrezia" hitboxscale="0.8" playable="true" inclination="5.0" speed="2.5" id="ellen" />
		</tile>
		<tile>
			<ground url="sets/OggettiCamera/pavimento" walkable="true" />
			<light distance="1.0" attenuation="0.02" color="255,250,220" type="point" id="light" />
			<object scale="1.0" elevation="0.0" url="sets/OggettiCamera/lamp" offsethorizontal="0.0" offsetcollisionh="0.0" walkable="false" offsetcollisionv="0.0" avoidable="False" offsetvertical="0.1" offsetheight="0.0" collisionmode="3d" offsetwidth="0.0" id="all" inclination="6.0" />
		</tile>
		<tile>
			<ground url="sets/OggettiCamera/black" walkable="false" />
		</tile>
	</row>
	<row>
		<tile>
			<ground url="sets/OggettiCamera/black" walkable="false" />
		</tile>
		<tile>
			<ground url="sets/OggettiCamera/pavimento" walkable="true" />
		</tile>
		<tile>
			<ground url="sets/OggettiCamera/pavimento" walkable="true" />
		</tile>
		<tile>
			<ground url="sets/OggettiCamera/pavimento" walkable="true" />
		</tile>
		<tile>
			<ground url="sets/OggettiCamera/pavimento" walkable="true" />
		</tile>
		<tile>
			<ground url="sets/OggettiCamera/pavimento" walkable="true" />
		</tile>
		<tile>
			<ground url="sets/OggettiCamera/black" walkable="false" />
		</tile>
	</row>
	<row>
		<tile>
			<ground url="sets/OggettiCamera/black" walkable="false" />
		</tile>
		<tile>
			<ground url="sets/OggettiCamera/pavbagno" walkable="true" />
			<object scale="1.0" elevation="0.0" url="sets/OggettiCamera/cartadaculo" offsethorizontal="0.37" offsetcollisionh="0.0" walkable="false" offsetcollisionv="0.0" avoidable="False" offsetvertical="0.7" offsetheight="0.0" collisionmode="2d" offsetwidth="0.0" id="all" inclination="2.0" />
		</tile>
		<tile>
			<ground url="sets/OggettiCamera/pavbagno" walkable="true" />
		</tile>
		<tile>
			<ground url="sets/OggettiCamera/pavimento" walkable="true" />
		</tile>
		<tile>
			<ground url="sets/OggettiCamera/pavbagno" walkable="true" />
		</tile>
		<tile>
			<ground url="sets/OggettiCamera/pavbagno" walkable="true" />
			<object scale="1.0" elevation="0.0" url="sets/OggettiCamera/tendadoccia" offsethorizontal="0.0" offsetcollisionh="0.0" walkable="false" offsetcollisionv="0.0" avoidable="False" offsetvertical="0.5" offsetheight="0.0" collisionmode="3d" offsetwidth="0.0" id="all" inclination="8.0" />
		</tile>
		<tile>
			<ground url="sets/OggettiCamera/black" walkable="false" />
		</tile>
	</row>
	<row>
		<tile>
			<ground url="sets/OggettiCamera/black" walkable="false" />
		</tile>
		<tile>
			<ground url="sets/OggettiCamera/pavbagno" walkable="true" />
			<object scale="0.8" elevation="0.0" url="sets/OggettiCamera/cesso" offsethorizontal="0.0" offsetcollisionh="0.0" walkable="false" offsetcollisionv="0.0" avoidable="False" offsetvertical="0.0" offsetheight="0.0" collisionmode="2d" offsetwidth="0.0" id="all" inclination="2.0" />
			<object scale="1.0" elevation="0.0" url="sets/OggettiCamera/separemuro" offsethorizontal="0.65" offsetcollisionh="0.0" walkable="false" offsetcollisionv="0.0" avoidable="False" offsetvertical="-0.3" offsetheight="0.0" collisionmode="2d" offsetwidth="0.0" id="all" inclination="2.0" />
		</tile>
		<tile>
			<ground url="sets/OggettiCamera/pavbagno" walkable="true" />
		</tile>
		<tile>
			<ground url="sets/OggettiCamera/pavimento" walkable="true" />
		</tile>
		<tile>
			<ground url="sets/OggettiCamera/pavbagno" walkable="true" />
		</tile>
		<tile>
			<ground url="sets/OggettiCamera/pavbagno" walkable="true" />
			<object scale="1.0" elevation="-0.1" url="sets/OggettiCamera/black" offsethorizontal="0.9" offsetcollisionh="0.0" walkable="false" offsetcollisionv="0.0" avoidable="False" offsetvertical="0.0" offsetheight="0.0" collisionmode="2d" offsetwidth="0.0" id="all" inclination="0.0" />
		</tile>
		<tile>
			<ground url="sets/OggettiCamera/black" walkable="false" />
		</tile>
	</row>
	<row>
		<tile>
			<ground url="sets/OggettiCamera/black" walkable="false" />
		</tile>
		<tile>
			<ground url="sets/OggettiCamera/pavbagno" walkable="true" />
			<object scale="1.0" elevation="0.0" url="sets/OggettiCamera/murobagno" offsethorizontal="0.0" offsetcollisionh="0.0" walkable="false" offsetcollisionv="0.0" avoidable="False" offsetvertical="0.0" offsetheight="0.0" collisionmode="2d" offsetwidth="0.0" id="all" inclination="2.0" />
		</tile>
		<tile>
			<ground url="sets/OggettiCamera/pavbagno" walkable="true" />
			<object scale="1.0" elevation="0.0" url="sets/OggettiCamera/murobagno" offsethorizontal="0.0" offsetcollisionh="0.0" walkable="false" offsetcollisionv="0.0" avoidable="False" offsetvertical="0.0" offsetheight="0.0" collisionmode="2d" offsetwidth="0.0" id="all" inclination="2.0" />
		</tile>
		<tile>
			<ground url="sets/OggettiCamera/pavbagno" walkable="true" />
			<object scale="1.0" elevation="0.0" url="sets/OggettiCamera/porta" offsethorizontal="0.0" offsetcollisionh="0.0" walkable="false" offsetcollisionv="0.0" avoidable="False" offsetvertical="0.0" offsetheight="0.0" collisionmode="2d" offsetwidth="0.0" id="all" inclination="4.0" />
			<object scale="1.0" elevation="0.0" url="sets/OggettiCamera/murobagno" offsethorizontal="0.0" offsetcollisionh="0.0" walkable="false" offsetcollisionv="0.0" avoidable="False" offsetvertical="0.0" offsetheight="0.0" collisionmode="2d" onWalked="messenger.send('changeMap', ['corridoio.map','18,1'])" offsetwidth="0.0" id="all" inclination="2.0" />
		</tile>
		<tile>
			<ground url="sets/OggettiCamera/pavbagno" walkable="true" />
			<object scale="1.0" elevation="0.0" url="sets/OggettiCamera/murobagno" offsethorizontal="0.0" offsetcollisionh="0.0" walkable="false" offsetcollisionv="0.0" avoidable="False" offsetvertical="0.0" offsetheight="0.0" collisionmode="2d" offsetwidth="0.0" id="all" inclination="2.0" />
		</tile>
		<tile>
			<ground url="sets/OggettiCamera/pavbagno" walkable="true" />
			<object scale="1.0" elevation="0.0" url="sets/OggettiCamera/murobagno" offsethorizontal="0.0" offsetcollisionh="0.0" walkable="false" offsetcollisionv="0.0" avoidable="False" offsetvertical="0.0" offsetheight="0.0" collisionmode="2d" offsetwidth="0.0" id="all" inclination="2.0" />
		</tile>
		<tile>
			<ground url="sets/OggettiCamera/black" walkable="false" />
		</tile>
	</row>
</data>
