<data tilesize="32.0" showcollisions="false" camdistance="18.5"   >
	<row>
		<tile>
			<ground url="sets/OggettiCamera/black" walkable="false" />
		</tile>
		<tile>
			<ground url="sets/OggettiCamera/black" walkable="false" />
		</tile>
		<tile>
			<ground url="sets/OggettiCamera/black" walkable="false" />
		</tile>
		<tile>
			<ground url="sets/OggettiCamera/black" walkable="false" />
		</tile>
		<tile>
			<ground url="sets/OggettiCamera/black" walkable="false" />
		</tile>
	</row>
	<row>
		<tile>
			<ground url="sets/OggettiCamera/black" walkable="false" />
		</tile>
		<tile>
			<ground url="misc/ground2" walkable="true" />
		</tile>
		<tile>
			<ground url="misc/ground2" walkable="true" />
		</tile>
		<tile>
			<ground url="misc/ground2" walkable="true" />
			<character url="ellenmum" id="npc" inclination="30.0" scale="11.0" hitboxscale="0.5" speed="1.0" playable="false" direction="left" footsteps="sfx/footsteps_default0.ogg" />
		</tile>
		<tile>
			<ground url="sets/OggettiCamera/black" walkable="false" />
		</tile>
	</row>
	<row>
		<tile>
			<ground url="sets/OggettiCamera/black" walkable="false" />
		</tile>
		<tile>
			<ground url="misc/ground2" walkable="true" />
		</tile>
		<tile>
			<ground url="misc/ground2" walkable="true" />
		</tile>
		<tile>
			<ground url="misc/ground2" walkable="true" />
		</tile>
		<tile>
			<ground url="sets/OggettiCamera/black" walkable="false" />
		</tile>
	</row>
	<row>
		<tile>
			<ground url="sets/OggettiCamera/black" walkable="false" />
		</tile>
		<tile>
			<ground url="misc/ground2" walkable="true" />
			<character url="luigi" id="mainplayer" inclination="30.0" scale="11.0" hitboxscale="0.5" speed="1.0" playable="false" direction="down" footsteps="sfx/footsteps_default0.ogg" />
		</tile>
		<tile>
			<ground url="misc/ground2" walkable="true" />
		</tile>
		<tile>
			<ground url="misc/ground2" walkable="true" />
		</tile>
		<tile>
			<ground url="sets/OggettiCamera/black" walkable="false" />
		</tile>
	</row>
	<row>
		<tile>
			<ground url="sets/OggettiCamera/black" walkable="false" />
		</tile>
		<tile>
			<ground url="sets/OggettiCamera/black" walkable="false" />
		</tile>
		<tile>
			<ground url="sets/OggettiCamera/black" walkable="false" />
		</tile>
		<tile>
			<ground url="sets/OggettiCamera/black" walkable="false" />
		</tile>
		<tile>
			<ground url="sets/OggettiCamera/black" walkable="false" />
		</tile>
	</row>
</data>
