<data tilesize="32.0" showcollisions="false" camdistance="15.0">
    <row>
	<tile><ground url="sets/OggettiCamera/black" walkable="false" /></tile>
	<tile><ground url="sets/OggettiCamera/black" walkable="false" /></tile>
	<tile><ground url="sets/OggettiCamera/black" walkable="false" /></tile>
	<tile><ground url="sets/OggettiCamera/black" walkable="false" /></tile>
	<tile><ground url="sets/OggettiCamera/black" walkable="false" /></tile>
	<tile><ground url="sets/OggettiCamera/black" walkable="false" /></tile>
	<tile><ground url="sets/OggettiCamera/black" walkable="false" /></tile>
	<tile><ground url="sets/OggettiCamera/black" walkable="false" /></tile>
	<tile><ground url="sets/OggettiCamera/black" walkable="false" /></tile>
	<tile><ground url="sets/OggettiCamera/black" walkable="false" /></tile>
    </row>
    <row>
	<tile><ground url="sets/OggettiCamera/black" walkable="false" /></tile>
        <tile><ground url="sets/OggettiCamera/pavbagno" /></tile>
        <tile><ground url="sets/OggettiCamera/pavbagno" /></tile>
        <tile><ground url="sets/OggettiCamera/pavbagno" /></tile>
        <tile><ground url="sets/OggettiCamera/pavbagno" /><character url="lucrezia" inclination="5" scale="11" playable="true" hitboxscale="0.8" speed = "5" /></tile>
        <tile><ground url="sets/OggettiCamera/pavbagno" /></tile>
        <tile><ground url="sets/OggettiCamera/pavbagno" /></tile>
        <tile><ground url="sets/OggettiCamera/pavbagno" /></tile>
        <tile><ground url="sets/OggettiCamera/pavbagno" /></tile>
        <tile><ground url="sets/OggettiCamera/black" walkable="false" /></tile>
   </row>
   <row>
        <tile><ground url="sets/OggettiCamera/black" walkable="false" /></tile>
        <tile><ground url="sets/OggettiCamera/pavbagno" /></tile>
        <tile><ground url="sets/OggettiCamera/pavbagno" /></tile>
        <tile><ground url="sets/OggettiCamera/pavbagno" /></tile>
        <tile><ground url="sets/OggettiCamera/pavbagno" /></tile>
        <tile><ground url="sets/OggettiCamera/pavbagno" /></tile>
        <tile><ground url="sets/OggettiCamera/pavbagno" /></tile>
        <tile><ground url="sets/OggettiCamera/pavbagno" /></tile>
        <tile><ground url="sets/OggettiCamera/pavbagno" /></tile>
        <tile><ground url="sets/OggettiCamera/black" walkable="false" /></tile>
   </row>
   <row>
        <tile><ground url="sets/OggettiCamera/black" walkable="false" /></tile>
        <tile><ground url="sets/OggettiCamera/pavbagno" /></tile>
        <tile><ground url="sets/OggettiCamera/pavbagno" /></tile>
        <tile><ground url="sets/OggettiCamera/pavbagno" /></tile>
        <tile><ground url="sets/OggettiCamera/pavbagno" /></tile>
        <tile><ground url="sets/OggettiCamera/pavbagno" /></tile>
        <tile><ground url="sets/OggettiCamera/pavbagno" /></tile>
        <tile><ground url="sets/OggettiCamera/pavbagno" /></tile>
        <tile><ground url="sets/OggettiCamera/pavbagno" /></tile>
        <tile><ground url="sets/OggettiCamera/black" walkable="false" /></tile>
   </row>
   <row>
        <tile><ground url="sets/OggettiCamera/black" walkable="false" /></tile>
        <tile><ground url="sets/OggettiCamera/pavbagno" /></tile>
        <tile><ground url="sets/OggettiCamera/pavbagno" /></tile>
        <tile><ground url="sets/OggettiCamera/pavbagno" /></tile>
        <tile><ground url="sets/OggettiCamera/pavbagno" /></tile>
        <tile><ground url="sets/OggettiCamera/pavbagno" /></tile>
        <tile><ground url="sets/OggettiCamera/pavbagno" /></tile>
        <tile><ground url="sets/OggettiCamera/pavbagno" /></tile>
        <tile><ground url="sets/OggettiCamera/pavbagno" /></tile>
        <tile><ground url="sets/OggettiCamera/black" walkable="false" /></tile>
   </row>
   <row>
        <tile><ground url="sets/OggettiCamera/black" walkable="false" /></tile>
        <tile><ground url="sets/OggettiCamera/pavbagno" /></tile>
        <tile><ground url="sets/OggettiCamera/pavbagno" /></tile>
        <tile><ground url="sets/OggettiCamera/pavbagno" /></tile>
        <tile><ground url="sets/OggettiCamera/pavbagno" /></tile>
        <tile><ground url="sets/OggettiCamera/pavbagno" /></tile>
        <tile><ground url="sets/OggettiCamera/pavbagno" /></tile>
        <tile><ground url="sets/OggettiCamera/pavbagno" /></tile>
        <tile><ground url="sets/OggettiCamera/pavbagno" /></tile>
        <tile><ground url="sets/OggettiCamera/black" walkable="false" /></tile>
   </row>
   <row>
        <tile><ground url="sets/OggettiCamera/black" walkable="false" /></tile>
        <tile><ground url="sets/OggettiCamera/pavbagno" /></tile>
        <tile><ground url="sets/OggettiCamera/pavbagno" /></tile>
        <tile><ground url="sets/OggettiCamera/pavbagno" /></tile>
        <tile><ground url="sets/OggettiCamera/pavbagno" /></tile>
        <tile><ground url="sets/OggettiCamera/pavbagno" /></tile>
        <tile><ground url="sets/OggettiCamera/pavbagno" /></tile>
        <tile><ground url="sets/OggettiCamera/pavbagno" /></tile>
        <tile><ground url="sets/OggettiCamera/pavbagno" /></tile>
        <tile><ground url="sets/OggettiCamera/black" walkable="false" /></tile>
   </row>
   <row>
	<tile><ground url="sets/OggettiCamera/black" walkable="false" /></tile>
        <tile><ground url="sets/OggettiCamera/pavbagno" /><object url="sets/OggettiCamera/murobagno" inclination="2"/></tile>
        <tile><ground url="sets/OggettiCamera/pavbagno" /><object url="sets/OggettiCamera/murobagno" inclination="2"/></tile>
        <tile><ground url="sets/OggettiCamera/pavbagno" /><object url="sets/OggettiCamera/murobagno" inclination="2"/></tile>
        <tile><ground url="sets/OggettiCamera/pavbagno" /><object url="sets/OggettiCamera/murobagno" inclination="2"/></tile>
        <tile><ground url="sets/OggettiCamera/pavbagno" /><object url="sets/OggettiCamera/porta" inclination="4" /><object url="sets/OggettiCamera/murobagno" inclination="2"/></tile>
        <tile><ground url="sets/OggettiCamera/pavbagno" /><object url="sets/OggettiCamera/murobagno" inclination="2"/></tile>
        <tile><ground url="sets/OggettiCamera/pavbagno" /><object url="sets/OggettiCamera/murobagno" inclination="2"/></tile>
        <tile><ground url="sets/OggettiCamera/pavbagno" /><object url="sets/OggettiCamera/murobagno" inclination="2"/></tile>
        <tile><ground url="sets/OggettiCamera/black" walkable="false" /></tile>
   </row>
</data>