<data tilesize="32.0" showcollisions="false" camdistance="15.0">
    <row>
	<tile><ground url="sets/OggettiCamera/black" walkable="false" /></tile>
	<tile><ground url="sets/OggettiCamera/black" walkable="false" /></tile>
	<tile><ground url="sets/OggettiCamera/black" walkable="false" /></tile>
	<tile><ground url="sets/OggettiCamera/black" walkable="false" /></tile>
	<tile><ground url="sets/OggettiCamera/black" walkable="false" /></tile>
	<tile><ground url="sets/OggettiCamera/black" walkable="false" /></tile>
	<tile><ground url="sets/OggettiCamera/black" walkable="false" /></tile>
    </row>
    <row>
        <tile><ground url="sets/OggettiCamera/black" walkable="false" /></tile>
        <tile><ground url="sets/OggettiCamera/pavbagno" /><object url="sets/OggettiCamera/lavandini" inclination="5" collisionmode="3d" offsetheight="0.4" /><object url="sets/OggettiCamera/boccio" inclination="5" offsetvertical="0.55" scale="0.4" elevation="0.1" walkable="true" offsethorizontal="-0.3" /><object url="sets/OggettiCamera/saponetta" inclination="5" offsethorizontal="-0.3" offsetvertical="0.65" scale="0.4" elevation="0.1" walkable="true" /></tile>
        <tile><ground url="sets/OggettiCamera/pavbagno" /><object url="sets/OggettiCamera/sapone" inclination="5" offsetvertical="0.63" scale="0.4" elevation="0.1" walkable="true" /></tile>
        <tile><ground url="sets/OggettiCamera/pavbagno" /></tile>
        <tile><ground url="sets/OggettiCamera/pavbagno" /><character url="lucrezia" inclination="5" scale="11" playable="true" hitboxscale="0.8" speed = "5" /></tile>
        <tile><ground url="sets/OggettiCamera/pavbagno" /><light distance="1" color="255,150,10" attenuation="0.02" /><object url="sets/OggettiCamera/lamp" inclination="6" collisionmode="3d" offsetvertical="0.1" /></tile>
        <tile><ground url="sets/OggettiCamera/black" walkable="false" /></tile>
   </row>
   <row>
        <tile><ground url="sets/OggettiCamera/black" walkable="false" /></tile>
        <tile><ground url="sets/OggettiCamera/pavbagno" /></tile>
        <tile><ground url="sets/OggettiCamera/pavbagno" /></tile>
        <tile><ground url="sets/OggettiCamera/pavbagno" /></tile>
        <tile><ground url="sets/OggettiCamera/pavbagno" /></tile>
        <tile><ground url="sets/OggettiCamera/pavbagno" /></tile>
        <tile><ground url="sets/OggettiCamera/black" walkable="false" /></tile>
   </row>
   <row>
        <tile><ground url="sets/OggettiCamera/black" walkable="false" /></tile>
        <tile><ground url="sets/OggettiCamera/pavbagno" /><object url="sets/OggettiCamera/cartadaculo" offsetvertical="0.7" offsethorizontal="0.37" inclination="2"/></tile>
        <tile><ground url="sets/OggettiCamera/pavbagno" /></tile>
        <tile><ground url="sets/OggettiCamera/pavbagno" /></tile>
        <tile><ground url="sets/OggettiCamera/pavbagno" /></tile>
        <tile><ground url="sets/OggettiCamera/pavbagno" /><object url="sets/OggettiCamera/tendadoccia" inclination="8" offsetvertical="0.5" collisionmode="3d"/></tile>
        <tile><ground url="sets/OggettiCamera/black" walkable="false" /></tile>
   </row>
   <row>
        <tile><ground url="sets/OggettiCamera/black" walkable="false" /></tile>
        <tile><ground url="sets/OggettiCamera/pavbagno" /><object url="sets/OggettiCamera/cesso" scale="0.8" inclination="2" /><object url="sets/OggettiCamera/separemuro" inclination="2" offsethorizontal="0.65" offsetvertical="-0.3" /></tile>
        <tile><ground url="sets/OggettiCamera/pavbagno" /></tile>
        <tile><ground url="sets/OggettiCamera/pavbagno" /></tile>
        <tile><ground url="sets/OggettiCamera/pavbagno" /></tile>
        <tile><ground url="sets/OggettiCamera/pavbagno" /><object url="sets/OggettiCamera/black" inclination="0" offsethorizontal="0.9" elevation="-0.1"/></tile>
        <tile><ground url="sets/OggettiCamera/black" walkable="false" /></tile>
   </row>
   <row>
	<tile><ground url="sets/OggettiCamera/black" walkable="false" /></tile>
        <tile><ground url="sets/OggettiCamera/pavbagno" /><object url="sets/OggettiCamera/murobagno" inclination="2" /></tile>
        <tile><ground url="sets/OggettiCamera/pavbagno" /><object url="sets/OggettiCamera/murobagno" inclination="2"/></tile>
        <tile><ground url="sets/OggettiCamera/pavbagno" /><object url="sets/OggettiCamera/porta" inclination="4" /><object url="sets/OggettiCamera/murobagno" inclination="2"  onWalked="messenger.send('changeMap', ['corridoio.map','18,1'])"/></tile>
        <tile><ground url="sets/OggettiCamera/pavbagno" /><object url="sets/OggettiCamera/murobagno" inclination="2"/></tile>
        <tile><ground url="sets/OggettiCamera/pavbagno" /><object url="sets/OggettiCamera/murobagno" inclination="2"/></tile>
        <tile><ground url="sets/OggettiCamera/black" walkable="false" /></tile>
   </row>
</data>