<data tilesize="32.0" showcollisions="false" camdistance="25.0" onLoad="script.load('scripts/incidente/incidenteonLoad.py')"  >
	<row>
		<tile>
			<ground url="misc/grass" walkable="true" />
			<grass maxuniform="0.5" minuniform="0.35" density="8" />
		</tile>
		<tile>
			<ground url="misc/grass" walkable="true" />
			<grass maxuniform="0.5" minuniform="0.35" density="8" />
		</tile>
		<tile>
			<ground url="misc/grass" walkable="true" />
			<grass maxuniform="0.5" minuniform="0.35" density="8" />
		</tile>
		<tile>
			<ground url="misc/grass" walkable="true" />
			<grass maxuniform="0.5" minuniform="0.35" density="8" />
		</tile>
		<tile>
			<ground url="misc/grass" walkable="true" />
			<grass maxuniform="0.5" minuniform="0.35" density="8" />
		</tile>
		<tile>
			<ground url="misc/grass" walkable="true" />
			<grass maxuniform="0.5" minuniform="0.35" density="8" />
		</tile>
		<tile>
			<ground url="misc/grass" walkable="true" />
			<grass maxuniform="0.5" minuniform="0.35" density="8" />
		</tile>
		<tile>
			<ground url="misc/grass" walkable="true" />
			<grass maxuniform="0.5" minuniform="0.35" density="8" />
		</tile>
		<tile>
			<ground url="misc/grass" walkable="true" />
			<grass maxuniform="0.5" minuniform="0.35" density="8" />
		</tile>
		<tile>
			<ground url="misc/grass" walkable="true" />
			<grass maxuniform="0.5" minuniform="0.35" density="8" />
		</tile>
		<tile>
			<ground url="misc/grass" walkable="true" />
			<grass maxuniform="0.5" minuniform="0.35" density="8" />
		</tile>
		<tile>
			<ground url="misc/grass" walkable="true" />
			<grass maxuniform="0.5" minuniform="0.35" density="8" />
		</tile>
		<tile>
			<ground url="misc/grass" walkable="true" />
			<grass maxuniform="0.5" minuniform="0.35" density="8" />
		</tile>
		<tile>
			<ground url="misc/grass" walkable="true" />
			<grass maxuniform="0.5" minuniform="0.35" density="8" />
		</tile>
		<tile>
			<ground url="misc/grass" walkable="true" />
			<grass maxuniform="0.5" minuniform="0.35" density="8" />
		</tile>
		<tile>
			<ground url="misc/grass" walkable="true" />
			<grass maxuniform="0.5" minuniform="0.35" density="8" />
		</tile>
		<tile>
			<ground url="misc/grass" walkable="true" />
			<grass maxuniform="0.5" minuniform="0.35" density="8" />
		</tile>
		<tile>
			<ground url="misc/grass" walkable="true" />
			<grass maxuniform="0.5" minuniform="0.35" density="8" />
		</tile>
		<tile>
			<ground url="misc/grass" walkable="true" />
			<grass maxuniform="0.5" minuniform="0.35" density="8" />
		</tile>
		<tile>
			<ground url="misc/grass" walkable="true" />
			<grass maxuniform="0.5" minuniform="0.35" density="8" />
		</tile>
		<tile>
			<ground url="misc/grass" walkable="true" />
			<grass maxuniform="0.5" minuniform="0.35" density="8" />
		</tile>
		<tile>
			<ground url="misc/grass" walkable="true" />
			<grass maxuniform="0.5" minuniform="0.35" density="8" />
		</tile>
		<tile>
			<ground url="misc/grass" walkable="true" />
			<grass maxuniform="0.5" minuniform="0.35" density="8" />
		</tile>
		<tile>
			<ground url="misc/grass" walkable="true" />
			<grass maxuniform="0.5" minuniform="0.35" density="8" />
		</tile>
		<tile>
			<ground url="misc/grass" walkable="true" />
			<grass maxuniform="0.5" minuniform="0.35" density="8" />
		</tile>
		<tile>
			<ground url="misc/grass" walkable="true" />
			<grass maxuniform="0.5" minuniform="0.35" density="8" />
		</tile>
		<tile>
			<ground url="misc/grass" walkable="true" />
			<grass maxuniform="0.5" minuniform="0.35" density="8" />
		</tile>
		<tile>
			<ground url="misc/grass" walkable="true" />
			<grass maxuniform="0.5" minuniform="0.35" density="8" />
		</tile>
		<tile>
			<ground url="misc/grass" walkable="true" />
			<grass maxuniform="0.5" minuniform="0.35" density="8" />
		</tile>
		<tile>
			<ground url="misc/grass" walkable="true" />
			<grass maxuniform="0.5" minuniform="0.35" density="8" />
		</tile>
		<tile>
			<ground url="misc/grass" walkable="true" />
			<grass maxuniform="0.5" minuniform="0.35" density="8" />
		</tile>
		<tile>
			<ground url="misc/grass" walkable="true" />
			<grass maxuniform="0.5" minuniform="0.35" density="8" />
		</tile>
		<tile>
			<ground url="misc/grass" walkable="true" />
			<grass maxuniform="0.5" minuniform="0.35" density="8" />
		</tile>
		<tile>
			<ground url="misc/grass" walkable="true" />
			<grass maxuniform="0.5" minuniform="0.35" density="8" />
		</tile>
		<tile>
			<ground url="misc/grass" walkable="true" />
			<grass maxuniform="0.5" minuniform="0.35" density="8" />
		</tile>
		<tile>
			<ground url="misc/grass" walkable="true" />
			<grass maxuniform="0.5" minuniform="0.35" density="8" />
		</tile>
	</row>
	<row>
		<tile>
			<ground url="misc/grass" walkable="true" />
			<grass maxuniform="0.5" minuniform="0.35" density="8" />
		</tile>
		<tile>
			<ground url="misc/grass" walkable="true" />
			<grass maxuniform="0.5" minuniform="0.35" density="8" />
		</tile>
		<tile>
			<ground url="misc/grass" walkable="true" />
			<grass maxuniform="0.5" minuniform="0.35" density="8" />
		</tile>
		<tile>
			<ground url="misc/grass" walkable="true" />
			<grass maxuniform="0.5" minuniform="0.35" density="8" />
		</tile>
		<tile>
			<ground url="misc/grass" walkable="true" />
			<grass maxuniform="0.5" minuniform="0.35" density="8" />
		</tile>
		<tile>
			<ground url="misc/grass" walkable="true" />
			<grass maxuniform="0.5" minuniform="0.35" density="8" />
		</tile>
		<tile>
			<ground url="misc/grass" walkable="true" />
			<grass maxuniform="0.5" minuniform="0.35" density="8" />
		</tile>
		<tile>
			<ground url="misc/grass" walkable="true" />
			<grass maxuniform="0.5" minuniform="0.35" density="8" />
		</tile>
		<tile>
			<ground url="misc/grass" walkable="true" />
			<grass maxuniform="0.5" minuniform="0.35" density="8" />
		</tile>
		<tile>
			<ground url="misc/grass" walkable="true" />
			<grass maxuniform="0.5" minuniform="0.35" density="8" />
		</tile>
		<tile>
			<ground url="misc/grass" walkable="true" />
			<grass maxuniform="0.5" minuniform="0.35" density="8" />
		</tile>
		<tile>
			<ground url="misc/grass" walkable="true" />
			<grass maxuniform="0.5" minuniform="0.35" density="8" />
		</tile>
		<tile>
			<ground url="misc/grass" walkable="true" />
			<grass maxuniform="0.5" minuniform="0.35" density="8" />
		</tile>
		<tile>
			<ground url="misc/grass" walkable="true" />
			<grass maxuniform="0.5" minuniform="0.35" density="8" />
		</tile>
		<tile>
			<ground url="misc/grass" walkable="true" />
			<grass maxuniform="0.5" minuniform="0.35" density="8" />
		</tile>
		<tile>
			<ground url="misc/grass" walkable="true" />
			<grass maxuniform="0.5" minuniform="0.35" density="8" />
		</tile>
		<tile>
			<ground url="misc/grass" walkable="true" />
			<grass maxuniform="0.5" minuniform="0.35" density="8" />
		</tile>
		<tile>
			<ground url="misc/grass" walkable="true" />
			<grass maxuniform="0.5" minuniform="0.35" density="8" />
		</tile>
		<tile>
			<ground url="misc/grass" walkable="true" />
			<grass maxuniform="0.5" minuniform="0.35" density="8" />
		</tile>
		<tile>
			<ground url="misc/grass" walkable="true" />
			<grass maxuniform="0.5" minuniform="0.35" density="8" />
		</tile>
		<tile>
			<ground url="misc/grass" walkable="true" />
			<grass maxuniform="0.5" minuniform="0.35" density="8" />
		</tile>
		<tile>
			<ground url="misc/grass" walkable="true" />
			<grass maxuniform="0.5" minuniform="0.35" density="8" />
		</tile>
		<tile>
			<ground url="misc/grass" walkable="true" />
			<grass maxuniform="0.5" minuniform="0.35" density="8" />
		</tile>
		<tile>
			<ground url="misc/grass" walkable="true" />
			<grass maxuniform="0.5" minuniform="0.35" density="8" />
		</tile>
		<tile>
			<ground url="misc/grass" walkable="true" />
			<grass maxuniform="0.5" minuniform="0.35" density="8" />
		</tile>
		<tile>
			<ground url="misc/grass" walkable="true" />
			<grass maxuniform="0.5" minuniform="0.35" density="8" />
		</tile>
		<tile>
			<ground url="misc/grass" walkable="true" />
			<grass maxuniform="0.5" minuniform="0.35" density="8" />
		</tile>
		<tile>
			<ground url="misc/grass" walkable="true" />
			<grass maxuniform="0.5" minuniform="0.35" density="8" />
		</tile>
		<tile>
			<ground url="misc/grass" walkable="true" />
			<grass maxuniform="0.5" minuniform="0.35" density="8" />
		</tile>
		<tile>
			<ground url="misc/grass" walkable="true" />
			<grass maxuniform="0.5" minuniform="0.35" density="8" />
		</tile>
		<tile>
			<ground url="misc/grass" walkable="true" />
			<grass maxuniform="0.5" minuniform="0.35" density="8" />
		</tile>
		<tile>
			<ground url="misc/grass" walkable="true" />
			<grass maxuniform="0.5" minuniform="0.35" density="8" />
		</tile>
		<tile>
			<ground url="misc/grass" walkable="true" />
			<grass maxuniform="0.5" minuniform="0.35" density="8" />
		</tile>
		<tile>
			<ground url="misc/grass" walkable="true" />
			<grass maxuniform="0.5" minuniform="0.35" density="8" />
		</tile>
		<tile>
			<ground url="misc/grass" walkable="true" />
			<grass maxuniform="0.5" minuniform="0.35" density="8" />
		</tile>
		<tile>
			<ground url="misc/grass" walkable="true" />
			<grass maxuniform="0.5" minuniform="0.35" density="8" />
		</tile>
	</row>
	<row>
		<tile>
			<ground url="misc/grass" walkable="true" />
			<grass maxuniform="0.5" minuniform="0.35" density="8" />
		</tile>
		<tile>
			<ground url="misc/grass" walkable="true" />
			<grass maxuniform="0.5" minuniform="0.35" density="8" />
		</tile>
		<tile>
			<ground url="misc/grass" walkable="true" />
			<grass maxuniform="0.5" minuniform="0.35" density="8" />
		</tile>
		<tile>
			<ground url="misc/grass" walkable="true" />
			<grass maxuniform="0.5" minuniform="0.35" density="8" />
		</tile>
		<tile>
			<ground url="misc/grass" walkable="true" />
			<grass maxuniform="0.5" minuniform="0.35" density="8" />
		</tile>
		<tile>
			<ground url="misc/grass" walkable="true" />
			<grass maxuniform="0.5" minuniform="0.35" density="8" />
		</tile>
		<tile>
			<ground url="misc/grass" walkable="true" />
			<grass maxuniform="0.5" minuniform="0.35" density="8" />
		</tile>
		<tile>
			<ground url="misc/grass" walkable="true" />
			<grass maxuniform="0.5" minuniform="0.35" density="8" />
		</tile>
		<tile>
			<ground url="misc/grass" walkable="true" />
			<grass maxuniform="0.5" minuniform="0.35" density="8" />
		</tile>
		<tile>
			<ground url="misc/grass" walkable="true" />
			<grass maxuniform="0.5" minuniform="0.35" density="8" />
		</tile>
		<tile>
			<ground url="misc/grass" walkable="true" />
			<grass maxuniform="0.5" minuniform="0.35" density="8" />
		</tile>
		<tile>
			<ground url="misc/grass" walkable="true" />
			<grass maxuniform="0.5" minuniform="0.35" density="8" />
		</tile>
		<tile>
			<ground url="misc/grass" walkable="true" />
			<grass maxuniform="0.5" minuniform="0.35" density="8" />
		</tile>
		<tile>
			<ground url="misc/grass" walkable="true" />
			<grass maxuniform="0.5" minuniform="0.35" density="8" />
		</tile>
		<tile>
			<ground url="misc/grass" walkable="true" />
			<grass maxuniform="0.5" minuniform="0.35" density="8" />
		</tile>
		<tile>
			<ground url="misc/grass" walkable="true" />
			<grass maxuniform="0.5" minuniform="0.35" density="8" />
		</tile>
		<tile>
			<ground url="misc/grass" walkable="true" />
			<grass maxuniform="0.5" minuniform="0.35" density="8" />
		</tile>
		<tile>
			<ground url="misc/grass" walkable="true" />
			<grass maxuniform="0.5" minuniform="0.35" density="8" />
		</tile>
		<tile>
			<ground url="misc/grass" walkable="true" />
			<grass maxuniform="0.5" minuniform="0.35" density="8" />
		</tile>
		<tile>
			<ground url="misc/grass" walkable="true" />
			<grass maxuniform="0.5" minuniform="0.35" density="8" />
		</tile>
		<tile>
			<ground url="misc/grass" walkable="true" />
			<grass maxuniform="0.5" minuniform="0.35" density="8" />
		</tile>
		<tile>
			<ground url="misc/grass" walkable="true" />
			<grass maxuniform="0.5" minuniform="0.35" density="8" />
		</tile>
		<tile>
			<ground url="misc/grass" walkable="true" />
			<grass maxuniform="0.5" minuniform="0.35" density="8" />
		</tile>
		<tile>
			<ground url="misc/grass" walkable="true" />
			<grass maxuniform="0.5" minuniform="0.35" density="8" />
		</tile>
		<tile>
			<ground url="misc/grass" walkable="true" />
			<grass maxuniform="0.5" minuniform="0.35" density="8" />
		</tile>
		<tile>
			<ground url="misc/grass" walkable="true" />
			<grass maxuniform="0.5" minuniform="0.35" density="8" />
		</tile>
		<tile>
			<ground url="misc/grass" walkable="true" />
			<grass maxuniform="0.5" minuniform="0.35" density="8" />
		</tile>
		<tile>
			<ground url="misc/grass" walkable="true" />
			<grass maxuniform="0.5" minuniform="0.35" density="8" />
		</tile>
		<tile>
			<ground url="misc/grass" walkable="true" />
			<grass maxuniform="0.5" minuniform="0.35" density="8" />
		</tile>
		<tile>
			<ground url="misc/grass" walkable="true" />
			<grass maxuniform="0.5" minuniform="0.35" density="8" />
		</tile>
		<tile>
			<ground url="misc/grass" walkable="true" />
			<grass maxuniform="0.5" minuniform="0.35" density="8" />
		</tile>
		<tile>
			<ground url="misc/grass" walkable="true" />
			<grass maxuniform="0.5" minuniform="0.35" density="8" />
		</tile>
		<tile>
			<ground url="misc/grass" walkable="true" />
			<grass maxuniform="0.5" minuniform="0.35" density="8" />
		</tile>
		<tile>
			<ground url="misc/grass" walkable="true" />
			<grass maxuniform="0.5" minuniform="0.35" density="8" />
		</tile>
		<tile>
			<ground url="misc/grass" walkable="true" />
			<grass maxuniform="0.5" minuniform="0.35" density="8" />
		</tile>
		<tile>
			<ground url="misc/grass" walkable="true" />
			<grass maxuniform="0.5" minuniform="0.35" density="8" />
		</tile>
	</row>
	<row>
		<tile>
			<ground url="misc/grass" walkable="true" />
			<grass maxuniform="0.5" minuniform="0.35" density="8" />
		</tile>
		<tile>
			<ground url="misc/grass" walkable="true" />
			<grass maxuniform="0.5" minuniform="0.35" density="8" />
		</tile>
		<tile>
			<ground url="misc/grass" walkable="true" />
			<grass maxuniform="0.5" minuniform="0.35" density="8" />
		</tile>
		<tile>
			<ground url="misc/grass" walkable="true" />
			<grass maxuniform="0.5" minuniform="0.35" density="8" />
		</tile>
		<tile>
			<ground url="misc/grass" walkable="true" />
			<grass maxuniform="0.5" minuniform="0.35" density="8" />
		</tile>
		<tile>
			<ground url="misc/grass" walkable="true" />
			<grass maxuniform="0.5" minuniform="0.35" density="8" />
		</tile>
		<tile>
			<ground url="misc/grass" walkable="true" />
			<grass maxuniform="0.5" minuniform="0.35" density="8" />
		</tile>
		<tile>
			<ground url="misc/grass" walkable="true" />
			<grass maxuniform="0.5" minuniform="0.35" density="8" />
		</tile>
		<tile>
			<ground url="misc/grass" walkable="true" />
			<grass maxuniform="0.5" minuniform="0.35" density="8" />
		</tile>
		<tile>
			<ground url="misc/grass" walkable="true" />
			<grass maxuniform="0.5" minuniform="0.35" density="8" />
		</tile>
		<tile>
			<ground url="misc/grass" walkable="true" />
			<grass maxuniform="0.5" minuniform="0.35" density="8" />
		</tile>
		<tile>
			<ground url="misc/grass" walkable="true" />
			<grass maxuniform="0.5" minuniform="0.35" density="8" />
		</tile>
		<tile>
			<ground url="misc/grass" walkable="true" />
			<grass maxuniform="0.5" minuniform="0.35" density="8" />
		</tile>
		<tile>
			<ground url="misc/grass" walkable="true" />
			<grass maxuniform="0.5" minuniform="0.35" density="8" />
		</tile>
		<tile>
			<ground url="misc/grass" walkable="true" />
			<grass maxuniform="0.5" minuniform="0.35" density="8" />
		</tile>
		<tile>
			<ground url="misc/grass" walkable="true" />
			<grass maxuniform="0.5" minuniform="0.35" density="8" />
		</tile>
		<tile>
			<ground url="misc/grass" walkable="true" />
			<grass maxuniform="0.5" minuniform="0.35" density="8" />
		</tile>
		<tile>
			<ground url="misc/grass" walkable="true" />
			<grass maxuniform="0.5" minuniform="0.35" density="8" />
		</tile>
		<tile>
			<ground url="misc/grass" walkable="true" />
			<grass maxuniform="0.5" minuniform="0.35" density="8" />
		</tile>
		<tile>
			<ground url="misc/grass" walkable="true" />
			<grass maxuniform="0.5" minuniform="0.35" density="8" />
		</tile>
		<tile>
			<ground url="misc/grass" walkable="true" />
			<grass maxuniform="0.5" minuniform="0.35" density="8" />
		</tile>
		<tile>
			<ground url="misc/grass" walkable="true" />
			<grass maxuniform="0.5" minuniform="0.35" density="8" />
		</tile>
		<tile>
			<ground url="misc/grass" walkable="true" />
			<grass maxuniform="0.5" minuniform="0.35" density="8" />
		</tile>
		<tile>
			<ground url="misc/grass" walkable="true" />
			<grass maxuniform="0.5" minuniform="0.35" density="8" />
		</tile>
		<tile>
			<ground url="misc/grass" walkable="true" />
			<grass maxuniform="0.5" minuniform="0.35" density="8" />
		</tile>
		<tile>
			<ground url="misc/grass" walkable="true" />
			<grass maxuniform="0.5" minuniform="0.35" density="8" />
		</tile>
		<tile>
			<ground url="misc/grass" walkable="true" />
			<grass maxuniform="0.5" minuniform="0.35" density="8" />
		</tile>
		<tile>
			<ground url="misc/grass" walkable="true" />
			<grass maxuniform="0.5" minuniform="0.35" density="8" />
		</tile>
		<tile>
			<ground url="misc/grass" walkable="true" />
			<grass maxuniform="0.5" minuniform="0.35" density="8" />
		</tile>
		<tile>
			<ground url="misc/grass" walkable="true" />
			<grass maxuniform="0.5" minuniform="0.35" density="8" />
		</tile>
		<tile>
			<ground url="misc/grass" walkable="true" />
			<grass maxuniform="0.5" minuniform="0.35" density="8" />
		</tile>
		<tile>
			<ground url="misc/grass" walkable="true" />
			<grass maxuniform="0.5" minuniform="0.35" density="8" />
		</tile>
		<tile>
			<ground url="misc/grass" walkable="true" />
			<grass maxuniform="0.5" minuniform="0.35" density="8" />
		</tile>
		<tile>
			<ground url="misc/grass" walkable="true" />
			<grass maxuniform="0.5" minuniform="0.35" density="8" />
		</tile>
		<tile>
			<ground url="misc/grass" walkable="true" />
			<grass maxuniform="0.5" minuniform="0.35" density="8" />
		</tile>
		<tile>
			<ground url="misc/grass" walkable="true" />
			<grass maxuniform="0.5" minuniform="0.35" density="8" />
		</tile>
	</row>
	<row>
		<tile>
			<ground url="misc/grass" walkable="true" />
			<grass maxuniform="0.5" minuniform="0.35" density="8" />
		</tile>
		<tile>
			<ground url="misc/grass" walkable="true" />
			<grass maxuniform="0.5" minuniform="0.35" density="8" />
		</tile>
		<tile>
			<ground url="misc/grass" walkable="true" />
			<grass maxuniform="0.5" minuniform="0.35" density="8" />
		</tile>
		<tile>
			<ground url="misc/grass" walkable="true" />
			<grass maxuniform="0.5" minuniform="0.35" density="8" />
		</tile>
		<tile>
			<ground url="misc/grass" walkable="true" />
			<grass maxuniform="0.5" minuniform="0.35" density="8" />
		</tile>
		<tile>
			<ground url="misc/grass" walkable="true" />
			<grass maxuniform="0.5" minuniform="0.35" density="8" />
		</tile>
		<tile>
			<ground url="misc/grass" walkable="true" />
			<grass maxuniform="0.5" minuniform="0.35" density="8" />
		</tile>
		<tile>
			<ground url="misc/grass" walkable="true" />
			<grass maxuniform="0.5" minuniform="0.35" density="8" />
		</tile>
		<tile>
			<ground url="misc/grass" walkable="true" />
			<grass maxuniform="0.5" minuniform="0.35" density="8" />
		</tile>
		<tile>
			<ground url="misc/grass" walkable="true" />
			<grass maxuniform="0.5" minuniform="0.35" density="8" />
		</tile>
		<tile>
			<ground url="misc/grass" walkable="true" />
			<grass maxuniform="0.5" minuniform="0.35" density="8" />
		</tile>
		<tile>
			<ground url="misc/grass" walkable="true" />
			<grass maxuniform="0.5" minuniform="0.35" density="8" />
		</tile>
		<tile>
			<ground url="misc/grass" walkable="true" />
			<grass maxuniform="0.5" minuniform="0.35" density="8" />
		</tile>
		<tile>
			<ground url="misc/grass" walkable="true" />
			<grass maxuniform="0.5" minuniform="0.35" density="8" />
		</tile>
		<tile>
			<ground url="misc/grass" walkable="true" />
			<grass maxuniform="0.5" minuniform="0.35" density="8" />
		</tile>
		<tile>
			<ground url="misc/grass" walkable="true" />
			<grass maxuniform="0.5" minuniform="0.35" density="8" />
		</tile>
		<tile>
			<ground url="misc/grass" walkable="true" />
			<grass maxuniform="0.5" minuniform="0.35" density="8" />
		</tile>
		<tile>
			<ground url="misc/grass" walkable="true" />
			<grass maxuniform="0.5" minuniform="0.35" density="8" />
		</tile>
		<tile>
			<ground url="misc/grass" walkable="true" />
			<grass maxuniform="0.5" minuniform="0.35" density="8" />
		</tile>
		<tile>
			<ground url="misc/grass" walkable="true" />
			<grass maxuniform="0.5" minuniform="0.35" density="8" />
		</tile>
		<tile>
			<ground url="misc/grass" walkable="true" />
			<grass maxuniform="0.5" minuniform="0.35" density="8" />
		</tile>
		<tile>
			<ground url="misc/grass" walkable="true" />
			<grass maxuniform="0.5" minuniform="0.35" density="8" />
		</tile>
		<tile>
			<ground url="misc/grass" walkable="true" />
			<grass maxuniform="0.5" minuniform="0.35" density="8" />
		</tile>
		<tile>
			<ground url="misc/grass" walkable="true" />
			<grass maxuniform="0.5" minuniform="0.35" density="8" />
		</tile>
		<tile>
			<ground url="misc/grass" walkable="true" />
			<grass maxuniform="0.5" minuniform="0.35" density="8" />
		</tile>
		<tile>
			<ground url="misc/grass" walkable="true" />
			<grass maxuniform="0.5" minuniform="0.35" density="8" />
		</tile>
		<tile>
			<ground url="misc/grass" walkable="true" />
			<grass maxuniform="0.5" minuniform="0.35" density="8" />
		</tile>
		<tile>
			<ground url="misc/grass" walkable="true" />
			<grass maxuniform="0.5" minuniform="0.35" density="8" />
		</tile>
		<tile>
			<ground url="misc/grass" walkable="true" />
			<grass maxuniform="0.5" minuniform="0.35" density="8" />
		</tile>
		<tile>
			<ground url="misc/grass" walkable="true" />
			<grass maxuniform="0.5" minuniform="0.35" density="8" />
		</tile>
		<tile>
			<ground url="misc/grass" walkable="true" />
			<grass maxuniform="0.5" minuniform="0.35" density="8" />
		</tile>
		<tile>
			<ground url="misc/grass" walkable="true" />
			<grass maxuniform="0.5" minuniform="0.35" density="8" />
		</tile>
		<tile>
			<ground url="misc/grass" walkable="true" />
			<grass maxuniform="0.5" minuniform="0.35" density="8" />
		</tile>
		<tile>
			<ground url="misc/grass" walkable="true" />
			<grass maxuniform="0.5" minuniform="0.35" density="8" />
		</tile>
		<tile>
			<ground url="misc/grass" walkable="true" />
			<grass maxuniform="0.5" minuniform="0.35" density="8" />
		</tile>
		<tile>
			<ground url="misc/grass" walkable="true" />
			<grass maxuniform="0.5" minuniform="0.35" density="8" />
		</tile>
	</row>
	<row>
		<tile>
			<ground url="misc/grass" walkable="true" />
			<grass maxuniform="0.5" minuniform="0.35" density="8" />
		</tile>
		<tile>
			<ground url="misc/grass" walkable="true" />
			<grass maxuniform="0.5" minuniform="0.35" density="8" />
		</tile>
		<tile>
			<ground url="misc/grass" walkable="true" />
			<grass maxuniform="0.5" minuniform="0.35" density="8" />
		</tile>
		<tile>
			<ground url="misc/grass" walkable="true" />
			<grass maxuniform="0.5" minuniform="0.35" density="8" />
		</tile>
		<tile>
			<ground url="misc/grass" walkable="true" />
			<grass maxuniform="0.5" minuniform="0.35" density="8" />
		</tile>
		<tile>
			<ground url="misc/grass" walkable="true" />
			<grass maxuniform="0.5" minuniform="0.35" density="8" />
		</tile>
		<tile>
			<ground url="misc/grass" walkable="true" />
			<grass maxuniform="0.5" minuniform="0.35" density="8" />
		</tile>
		<tile>
			<ground url="misc/grass" walkable="true" />
			<grass maxuniform="0.5" minuniform="0.35" density="8" />
		</tile>
		<tile>
			<ground url="misc/grass" walkable="true" />
			<grass maxuniform="0.5" minuniform="0.35" density="8" />
		</tile>
		<tile>
			<ground url="misc/grass" walkable="true" />
			<grass maxuniform="0.5" minuniform="0.35" density="8" />
		</tile>
		<tile>
			<ground url="misc/grass" walkable="true" />
			<grass maxuniform="0.5" minuniform="0.35" density="8" />
		</tile>
		<tile>
			<ground url="misc/grass" walkable="true" />
			<grass maxuniform="0.5" minuniform="0.35" density="8" />
		</tile>
		<tile>
			<ground url="misc/grass" walkable="true" />
			<grass maxuniform="0.5" minuniform="0.35" density="8" />
		</tile>
		<tile>
			<ground url="misc/grass" walkable="true" />
			<grass maxuniform="0.5" minuniform="0.35" density="8" />
		</tile>
		<tile>
			<ground url="misc/grass" walkable="true" />
			<grass maxuniform="0.5" minuniform="0.35" density="8" />
		</tile>
		<tile>
			<ground url="misc/grass" walkable="true" />
			<grass maxuniform="0.5" minuniform="0.35" density="8" />
		</tile>
		<tile>
			<ground url="misc/grass" walkable="true" />
			<grass maxuniform="0.5" minuniform="0.35" density="8" />
		</tile>
		<tile>
			<ground url="misc/grass" walkable="true" />
			<grass maxuniform="0.5" minuniform="0.35" density="8" />
		</tile>
		<tile>
			<ground url="misc/grass" walkable="true" />
			<grass maxuniform="0.5" minuniform="0.35" density="8" />
		</tile>
		<tile>
			<ground url="misc/grass" walkable="true" />
			<grass maxuniform="0.5" minuniform="0.35" density="8" />
		</tile>
		<tile>
			<ground url="misc/grass" walkable="true" />
			<grass maxuniform="0.5" minuniform="0.35" density="8" />
		</tile>
		<tile>
			<ground url="misc/grass" walkable="true" />
			<grass maxuniform="0.5" minuniform="0.35" density="8" />
		</tile>
		<tile>
			<ground url="misc/grass" walkable="true" />
			<grass maxuniform="0.5" minuniform="0.35" density="8" />
		</tile>
		<tile>
			<ground url="misc/grass" walkable="true" />
			<grass maxuniform="0.5" minuniform="0.35" density="8" />
		</tile>
		<tile>
			<ground url="misc/grass" walkable="true" />
			<grass maxuniform="0.5" minuniform="0.35" density="8" />
		</tile>
		<tile>
			<ground url="misc/grass" walkable="true" />
			<grass maxuniform="0.5" minuniform="0.35" density="8" />
		</tile>
		<tile>
			<ground url="misc/grass" walkable="true" />
			<grass maxuniform="0.5" minuniform="0.35" density="8" />
		</tile>
		<tile>
			<ground url="misc/grass" walkable="true" />
			<grass maxuniform="0.5" minuniform="0.35" density="8" />
		</tile>
		<tile>
			<ground url="misc/grass" walkable="true" />
			<grass maxuniform="0.5" minuniform="0.35" density="8" />
		</tile>
		<tile>
			<ground url="misc/grass" walkable="true" />
			<grass maxuniform="0.5" minuniform="0.35" density="8" />
		</tile>
		<tile>
			<ground url="misc/grass" walkable="true" />
			<grass maxuniform="0.5" minuniform="0.35" density="8" />
		</tile>
		<tile>
			<ground url="misc/grass" walkable="true" />
			<grass maxuniform="0.5" minuniform="0.35" density="8" />
		</tile>
		<tile>
			<ground url="misc/grass" walkable="true" />
			<grass maxuniform="0.5" minuniform="0.35" density="8" />
		</tile>
		<tile>
			<ground url="misc/grass" walkable="true" />
			<grass maxuniform="0.5" minuniform="0.35" density="8" />
		</tile>
		<tile>
			<ground url="misc/grass" walkable="true" />
			<grass maxuniform="0.5" minuniform="0.35" density="8" />
		</tile>
		<tile>
			<ground url="misc/grass" walkable="true" />
			<grass maxuniform="0.5" minuniform="0.35" density="8" />
		</tile>
	</row>
	<row>
		<tile>
			<ground url="misc/grass" walkable="true" />
			<grass maxuniform="0.5" minuniform="0.35" density="8" />
		</tile>
		<tile>
			<ground url="misc/grass" walkable="true" />
			<grass maxuniform="0.5" minuniform="0.35" density="8" />
		</tile>
		<tile>
			<ground url="misc/grass" walkable="true" />
			<grass maxuniform="0.5" minuniform="0.35" density="8" />
		</tile>
		<tile>
			<ground url="misc/grass" walkable="true" />
			<grass maxuniform="0.5" minuniform="0.35" density="8" />
		</tile>
		<tile>
			<ground url="misc/grass" walkable="true" />
			<grass maxuniform="0.5" minuniform="0.35" density="8" />
		</tile>
		<tile>
			<ground url="misc/grass" walkable="true" />
			<grass maxuniform="0.5" minuniform="0.35" density="8" />
		</tile>
		<tile>
			<ground url="misc/grass" walkable="true" />
			<grass maxuniform="0.5" minuniform="0.35" density="8" />
		</tile>
		<tile>
			<ground url="misc/grass" walkable="true" />
			<grass maxuniform="0.5" minuniform="0.35" density="8" />
		</tile>
		<tile>
			<ground url="misc/grass" walkable="true" />
			<grass maxuniform="0.5" minuniform="0.35" density="8" />
		</tile>
		<tile>
			<ground url="misc/grass" walkable="true" />
			<grass maxuniform="0.5" minuniform="0.35" density="8" />
		</tile>
		<tile>
			<ground url="misc/grass" walkable="true" />
			<grass maxuniform="0.5" minuniform="0.35" density="8" />
		</tile>
		<tile>
			<ground url="misc/grass" walkable="true" />
			<grass maxuniform="0.5" minuniform="0.35" density="8" />
		</tile>
		<tile>
			<ground url="misc/grass" walkable="true" />
			<grass maxuniform="0.5" minuniform="0.35" density="8" />
		</tile>
		<tile>
			<ground url="misc/grass" walkable="true" />
			<grass maxuniform="0.5" minuniform="0.35" density="8" />
		</tile>
		<tile>
			<ground url="misc/grass" walkable="true" />
			<grass maxuniform="0.5" minuniform="0.35" density="8" />
		</tile>
		<tile>
			<ground url="misc/grass" walkable="true" />
			<grass maxuniform="0.5" minuniform="0.35" density="8" />
		</tile>
		<tile>
			<ground url="misc/grass" walkable="true" />
			<grass maxuniform="0.5" minuniform="0.35" density="8" />
		</tile>
		<tile>
			<ground url="misc/grass" walkable="true" />
			<grass maxuniform="0.5" minuniform="0.35" density="8" />
		</tile>
		<tile>
			<ground url="misc/grass" walkable="true" />
			<grass maxuniform="0.5" minuniform="0.35" density="8" />
		</tile>
		<tile>
			<ground url="misc/grass" walkable="true" />
			<grass maxuniform="0.5" minuniform="0.35" density="8" />
		</tile>
		<tile>
			<ground url="misc/grass" walkable="true" />
			<grass maxuniform="0.5" minuniform="0.35" density="8" />
		</tile>
		<tile>
			<ground url="misc/grass" walkable="true" />
			<grass maxuniform="0.5" minuniform="0.35" density="8" />
		</tile>
		<tile>
			<ground url="misc/grass" walkable="true" />
			<grass maxuniform="0.5" minuniform="0.35" density="8" />
		</tile>
		<tile>
			<ground url="misc/grass" walkable="true" />
			<grass maxuniform="0.5" minuniform="0.35" density="8" />
		</tile>
		<tile>
			<ground url="misc/grass" walkable="true" />
			<grass maxuniform="0.5" minuniform="0.35" density="8" />
		</tile>
		<tile>
			<ground url="misc/grass" walkable="true" />
			<grass maxuniform="0.5" minuniform="0.35" density="8" />
		</tile>
		<tile>
			<ground url="misc/grass" walkable="true" />
			<grass maxuniform="0.5" minuniform="0.35" density="8" />
		</tile>
		<tile>
			<ground url="misc/grass" walkable="true" />
			<grass maxuniform="0.5" minuniform="0.35" density="8" />
		</tile>
		<tile>
			<ground url="misc/grass" walkable="true" />
			<grass maxuniform="0.5" minuniform="0.35" density="8" />
		</tile>
		<tile>
			<ground url="misc/grass" walkable="true" />
			<grass maxuniform="0.5" minuniform="0.35" density="8" />
		</tile>
		<tile>
			<ground url="misc/grass" walkable="true" />
			<grass maxuniform="0.5" minuniform="0.35" density="8" />
		</tile>
		<tile>
			<ground url="misc/grass" walkable="true" />
			<grass maxuniform="0.5" minuniform="0.35" density="8" />
		</tile>
		<tile>
			<ground url="misc/grass" walkable="true" />
			<grass maxuniform="0.5" minuniform="0.35" density="8" />
		</tile>
		<tile>
			<ground url="misc/grass" walkable="true" />
			<grass maxuniform="0.5" minuniform="0.35" density="8" />
		</tile>
		<tile>
			<ground url="misc/grass" walkable="true" />
			<grass maxuniform="0.5" minuniform="0.35" density="8" />
		</tile>
		<tile>
			<ground url="misc/grass" walkable="true" />
			<grass maxuniform="0.5" minuniform="0.35" density="8" />
		</tile>
	</row>
	<row>
		<tile>
			<ground url="misc/grass" walkable="true" />
			<grass maxuniform="0.5" minuniform="0.35" density="8" />
		</tile>
		<tile>
			<ground url="misc/grass" walkable="true" />
			<grass maxuniform="0.5" minuniform="0.35" density="8" />
		</tile>
		<tile>
			<ground url="misc/grass" walkable="true" />
			<grass maxuniform="0.5" minuniform="0.35" density="8" />
		</tile>
		<tile>
			<ground url="misc/grass" walkable="true" />
			<grass maxuniform="0.5" minuniform="0.35" density="8" />
		</tile>
		<tile>
			<ground url="misc/grass" walkable="true" />
			<grass maxuniform="0.5" minuniform="0.35" density="8" />
		</tile>
		<tile>
			<ground url="misc/grass" walkable="true" />
			<grass maxuniform="0.5" minuniform="0.35" density="8" />
		</tile>
		<tile>
			<ground url="misc/grass" walkable="true" />
			<grass maxuniform="0.5" minuniform="0.35" density="8" />
		</tile>
		<tile>
			<ground url="misc/grass" walkable="true" />
			<grass maxuniform="0.5" minuniform="0.35" density="8" />
		</tile>
		<tile>
			<ground url="misc/grass" walkable="true" />
			<grass maxuniform="0.5" minuniform="0.35" density="8" />
		</tile>
		<tile>
			<ground url="misc/grass" walkable="true" />
			<grass maxuniform="0.5" minuniform="0.35" density="8" />
		</tile>
		<tile>
			<ground url="misc/grass" walkable="true" />
			<grass maxuniform="0.5" minuniform="0.35" density="8" />
		</tile>
		<tile>
			<ground url="misc/grass" walkable="true" />
			<grass maxuniform="0.5" minuniform="0.35" density="8" />
		</tile>
		<tile>
			<ground url="misc/grass" walkable="true" />
			<grass maxuniform="0.5" minuniform="0.35" density="8" />
		</tile>
		<tile>
			<ground url="misc/grass" walkable="true" />
			<grass maxuniform="0.5" minuniform="0.35" density="8" />
		</tile>
		<tile>
			<ground url="misc/grass" walkable="true" />
			<grass maxuniform="0.5" minuniform="0.35" density="8" />
		</tile>
		<tile>
			<ground url="misc/grass" walkable="true" />
			<grass maxuniform="0.5" minuniform="0.35" density="8" />
		</tile>
		<tile>
			<ground url="misc/grass" walkable="true" />
			<grass maxuniform="0.5" minuniform="0.35" density="8" />
		</tile>
		<tile>
			<ground url="misc/grass" walkable="true" />
			<grass maxuniform="0.5" minuniform="0.35" density="8" />
		</tile>
		<tile>
			<ground url="misc/grass" walkable="true" />
			<grass maxuniform="0.5" minuniform="0.35" density="8" />
		</tile>
		<tile>
			<ground url="misc/grass" walkable="true" />
			<grass maxuniform="0.5" minuniform="0.35" density="8" />
		</tile>
		<tile>
			<ground url="misc/grass" walkable="true" />
			<grass maxuniform="0.5" minuniform="0.35" density="8" />
		</tile>
		<tile>
			<ground url="misc/grass" walkable="true" />
			<grass maxuniform="0.5" minuniform="0.35" density="8" />
		</tile>
		<tile>
			<ground url="misc/grass" walkable="true" />
			<grass maxuniform="0.5" minuniform="0.35" density="8" />
		</tile>
		<tile>
			<ground url="misc/grass" walkable="true" />
			<grass maxuniform="0.5" minuniform="0.35" density="8" />
		</tile>
		<tile>
			<ground url="misc/grass" walkable="true" />
			<grass maxuniform="0.5" minuniform="0.35" density="8" />
		</tile>
		<tile>
			<ground url="misc/grass" walkable="true" />
			<grass maxuniform="0.5" minuniform="0.35" density="8" />
		</tile>
		<tile>
			<ground url="misc/grass" walkable="true" />
			<grass maxuniform="0.5" minuniform="0.35" density="8" />
		</tile>
		<tile>
			<ground url="misc/grass" walkable="true" />
			<grass maxuniform="0.5" minuniform="0.35" density="8" />
		</tile>
		<tile>
			<ground url="misc/grass" walkable="true" />
			<grass maxuniform="0.5" minuniform="0.35" density="8" />
		</tile>
		<tile>
			<ground url="misc/grass" walkable="true" />
			<grass maxuniform="0.5" minuniform="0.35" density="8" />
		</tile>
		<tile>
			<ground url="misc/grass" walkable="true" />
			<grass maxuniform="0.5" minuniform="0.35" density="8" />
		</tile>
		<tile>
			<ground url="misc/grass" walkable="true" />
			<grass maxuniform="0.5" minuniform="0.35" density="8" />
		</tile>
		<tile>
			<ground url="misc/grass" walkable="true" />
			<grass maxuniform="0.5" minuniform="0.35" density="8" />
		</tile>
		<tile>
			<ground url="misc/grass" walkable="true" />
			<grass maxuniform="0.5" minuniform="0.35" density="8" />
		</tile>
		<tile>
			<ground url="misc/grass" walkable="true" />
			<grass maxuniform="0.5" minuniform="0.35" density="8" />
		</tile>
		<tile>
			<ground url="misc/grass" walkable="true" />
			<grass maxuniform="0.5" minuniform="0.35" density="8" />
		</tile>
	</row>
	<row>
		<tile>
			<ground url="misc/grass" walkable="true" />
			<grass maxuniform="0.5" minuniform="0.35" density="8" />
		</tile>
		<tile>
			<ground url="misc/grass" walkable="true" />
			<grass maxuniform="0.5" minuniform="0.35" density="8" />
		</tile>
		<tile>
			<ground url="misc/grass" walkable="true" />
			<grass maxuniform="0.5" minuniform="0.35" density="8" />
		</tile>
		<tile>
			<ground url="misc/grass" walkable="true" />
			<grass maxuniform="0.5" minuniform="0.35" density="8" />
		</tile>
		<tile>
			<ground url="misc/grass" walkable="true" />
			<grass maxuniform="0.5" minuniform="0.35" density="8" />
		</tile>
		<tile>
			<ground url="misc/grass" walkable="true" />
			<grass maxuniform="0.5" minuniform="0.35" density="8" />
		</tile>
		<tile>
			<ground url="misc/grass" walkable="true" />
			<grass maxuniform="0.5" minuniform="0.35" density="8" />
		</tile>
		<tile>
			<ground url="misc/grass" walkable="true" />
			<grass maxuniform="0.5" minuniform="0.35" density="8" />
		</tile>
		<tile>
			<ground url="misc/grass" walkable="true" />
			<grass maxuniform="0.5" minuniform="0.35" density="8" />
		</tile>
		<tile>
			<ground url="misc/grass" walkable="true" />
			<grass maxuniform="0.5" minuniform="0.35" density="8" />
		</tile>
		<tile>
			<ground url="misc/grass" walkable="true" />
			<grass maxuniform="0.5" minuniform="0.35" density="8" />
		</tile>
		<tile>
			<ground url="misc/grass" walkable="true" />
			<grass maxuniform="0.5" minuniform="0.35" density="8" />
		</tile>
		<tile>
			<ground url="misc/grass" walkable="true" />
			<grass maxuniform="0.5" minuniform="0.35" density="8" />
		</tile>
		<tile>
			<ground url="misc/grass" walkable="true" />
			<grass maxuniform="0.5" minuniform="0.35" density="8" />
		</tile>
		<tile>
			<ground url="misc/grass" walkable="true" />
			<grass maxuniform="0.5" minuniform="0.35" density="8" />
		</tile>
		<tile>
			<ground url="misc/grass" walkable="true" />
			<grass maxuniform="0.5" minuniform="0.35" density="8" />
		</tile>
		<tile>
			<ground url="misc/grass" walkable="true" />
			<grass maxuniform="0.5" minuniform="0.35" density="8" />
		</tile>
		<tile>
			<ground url="misc/grass" walkable="true" />
			<grass maxuniform="0.5" minuniform="0.35" density="8" />
		</tile>
		<tile>
			<ground url="misc/grass" walkable="true" />
			<grass maxuniform="0.5" minuniform="0.35" density="8" />
		</tile>
		<tile>
			<ground url="misc/grass" walkable="true" />
			<grass maxuniform="0.5" minuniform="0.35" density="8" />
		</tile>
		<tile>
			<ground url="misc/grass" walkable="true" />
			<grass maxuniform="0.5" minuniform="0.35" density="8" />
		</tile>
		<tile>
			<ground url="misc/grass" walkable="true" />
			<grass maxuniform="0.5" minuniform="0.35" density="8" />
		</tile>
		<tile>
			<ground url="misc/grass" walkable="true" />
			<grass maxuniform="0.5" minuniform="0.35" density="8" />
		</tile>
		<tile>
			<ground url="misc/grass" walkable="true" />
			<grass maxuniform="0.5" minuniform="0.35" density="8" />
		</tile>
		<tile>
			<ground url="misc/grass" walkable="true" />
			<grass maxuniform="0.5" minuniform="0.35" density="8" />
		</tile>
		<tile>
			<ground url="misc/grass" walkable="true" />
			<grass maxuniform="0.5" minuniform="0.35" density="8" />
		</tile>
		<tile>
			<ground url="misc/grass" walkable="true" />
			<grass maxuniform="0.5" minuniform="0.35" density="8" />
		</tile>
		<tile>
			<ground url="misc/grass" walkable="true" />
			<grass maxuniform="0.5" minuniform="0.35" density="8" />
		</tile>
		<tile>
			<ground url="misc/grass" walkable="true" />
			<grass maxuniform="0.5" minuniform="0.35" density="8" />
		</tile>
		<tile>
			<ground url="misc/grass" walkable="true" />
			<grass maxuniform="0.5" minuniform="0.35" density="8" />
		</tile>
		<tile>
			<ground url="misc/grass" walkable="true" />
			<grass maxuniform="0.5" minuniform="0.35" density="8" />
		</tile>
		<tile>
			<ground url="misc/grass" walkable="true" />
			<grass maxuniform="0.5" minuniform="0.35" density="8" />
		</tile>
		<tile>
			<ground url="misc/grass" walkable="true" />
			<grass maxuniform="0.5" minuniform="0.35" density="8" />
		</tile>
		<tile>
			<ground url="misc/grass" walkable="true" />
			<grass maxuniform="0.5" minuniform="0.35" density="8" />
		</tile>
		<tile>
			<ground url="misc/grass" walkable="true" />
			<grass maxuniform="0.5" minuniform="0.35" density="8" />
		</tile>
		<tile>
			<ground url="misc/grass" walkable="true" />
			<grass maxuniform="0.5" minuniform="0.35" density="8" />
		</tile>
	</row>
	<row>
		<tile>
			<ground url="misc/grass" walkable="true" />
			<grass maxuniform="0.5" minuniform="0.35" density="8" />
		</tile>
		<tile>
			<ground url="misc/grass" walkable="true" />
			<grass maxuniform="0.5" minuniform="0.35" density="8" />
		</tile>
		<tile>
			<ground url="misc/grass" walkable="true" />
			<grass maxuniform="0.5" minuniform="0.35" density="8" />
		</tile>
		<tile>
			<ground url="misc/grass" walkable="true" />
			<grass maxuniform="0.5" minuniform="0.35" density="8" />
		</tile>
		<tile>
			<ground url="misc/grass" walkable="true" />
			<grass maxuniform="0.5" minuniform="0.35" density="8" />
		</tile>
		<tile>
			<ground url="misc/grass" walkable="true" />
			<grass maxuniform="0.5" minuniform="0.35" density="8" />
		</tile>
		<tile>
			<ground url="misc/grass" walkable="true" />
			<grass maxuniform="0.5" minuniform="0.35" density="8" />
		</tile>
		<tile>
			<ground url="misc/grass" walkable="true" />
			<grass maxuniform="0.5" minuniform="0.35" density="8" />
		</tile>
		<tile>
			<ground url="misc/grass" walkable="true" />
			<grass maxuniform="0.5" minuniform="0.35" density="8" />
		</tile>
		<tile>
			<ground url="misc/grass" walkable="true" />
			<grass maxuniform="0.5" minuniform="0.35" density="8" />
		</tile>
		<tile>
			<ground url="misc/grass" walkable="true" />
			<grass maxuniform="0.5" minuniform="0.35" density="8" />
		</tile>
		<tile>
			<ground url="misc/grass" walkable="true" />
			<grass maxuniform="0.5" minuniform="0.35" density="8" />
		</tile>
		<tile>
			<ground url="misc/grass" walkable="true" />
			<grass maxuniform="0.5" minuniform="0.35" density="8" />
		</tile>
		<tile>
			<ground url="misc/grass" walkable="true" />
			<grass maxuniform="0.5" minuniform="0.35" density="8" />
		</tile>
		<tile>
			<ground url="misc/grass" walkable="true" />
			<grass maxuniform="0.5" minuniform="0.35" density="8" />
		</tile>
		<tile>
			<ground url="misc/grass" walkable="true" />
			<grass maxuniform="0.5" minuniform="0.35" density="8" />
		</tile>
		<tile>
			<ground url="misc/grass" walkable="true" />
			<grass maxuniform="0.5" minuniform="0.35" density="8" />
		</tile>
		<tile>
			<ground url="misc/grass" walkable="true" />
			<grass maxuniform="0.5" minuniform="0.35" density="8" />
		</tile>
		<tile>
			<ground url="misc/grass" walkable="true" />
			<grass maxuniform="0.5" minuniform="0.35" density="8" />
		</tile>
		<tile>
			<ground url="misc/grass" walkable="true" />
			<grass maxuniform="0.5" minuniform="0.35" density="8" />
		</tile>
		<tile>
			<ground url="misc/grass" walkable="true" />
			<grass maxuniform="0.5" minuniform="0.35" density="8" />
		</tile>
		<tile>
			<ground url="misc/grass" walkable="true" />
			<grass maxuniform="0.5" minuniform="0.35" density="8" />
		</tile>
		<tile>
			<ground url="misc/grass" walkable="true" />
			<grass maxuniform="0.5" minuniform="0.35" density="8" />
		</tile>
		<tile>
			<ground url="misc/grass" walkable="true" />
			<grass maxuniform="0.5" minuniform="0.35" density="8" />
		</tile>
		<tile>
			<ground url="misc/grass" walkable="true" />
			<grass maxuniform="0.5" minuniform="0.35" density="8" />
		</tile>
		<tile>
			<ground url="misc/grass" walkable="true" />
			<grass maxuniform="0.5" minuniform="0.35" density="8" />
		</tile>
		<tile>
			<ground url="misc/grass" walkable="true" />
			<grass maxuniform="0.5" minuniform="0.35" density="8" />
		</tile>
		<tile>
			<ground url="misc/grass" walkable="true" />
			<grass maxuniform="0.5" minuniform="0.35" density="8" />
		</tile>
		<tile>
			<ground url="misc/grass" walkable="true" />
			<grass maxuniform="0.5" minuniform="0.35" density="8" />
		</tile>
		<tile>
			<ground url="misc/grass" walkable="true" />
			<grass maxuniform="0.5" minuniform="0.35" density="8" />
		</tile>
		<tile>
			<ground url="misc/grass" walkable="true" />
			<grass maxuniform="0.5" minuniform="0.35" density="8" />
		</tile>
		<tile>
			<ground url="misc/grass" walkable="true" />
			<grass maxuniform="0.5" minuniform="0.35" density="8" />
		</tile>
		<tile>
			<ground url="misc/grass" walkable="true" />
			<grass maxuniform="0.5" minuniform="0.35" density="8" />
		</tile>
		<tile>
			<ground url="misc/grass" walkable="true" />
			<grass maxuniform="0.5" minuniform="0.35" density="8" />
		</tile>
		<tile>
			<ground url="misc/grass" walkable="true" />
			<grass maxuniform="0.5" minuniform="0.35" density="8" />
		</tile>
		<tile>
			<ground url="misc/grass" walkable="true" />
			<grass maxuniform="0.5" minuniform="0.35" density="8" />
		</tile>
	</row>
	<row>
		<tile>
			<ground url="misc/grass" walkable="true" />
			<grass maxuniform="0.5" minuniform="0.35" density="8" />
		</tile>
		<tile>
			<ground url="misc/grass" walkable="true" />
			<grass maxuniform="0.5" minuniform="0.35" density="8" />
		</tile>
		<tile>
			<ground url="misc/grass" walkable="true" />
			<grass maxuniform="0.5" minuniform="0.35" density="8" />
		</tile>
		<tile>
			<ground url="misc/grass" walkable="true" />
			<grass maxuniform="0.5" minuniform="0.35" density="8" />
		</tile>
		<tile>
			<ground url="misc/grass" walkable="true" />
			<grass maxuniform="0.5" minuniform="0.35" density="8" />
		</tile>
		<tile>
			<ground url="misc/grass" walkable="true" />
			<grass maxuniform="0.5" minuniform="0.35" density="8" />
		</tile>
		<tile>
			<ground url="misc/grass" walkable="true" />
			<grass maxuniform="0.5" minuniform="0.35" density="8" />
		</tile>
		<tile>
			<ground url="misc/grass" walkable="true" />
			<grass maxuniform="0.5" minuniform="0.35" density="8" />
		</tile>
		<tile>
			<ground url="misc/grass" walkable="true" />
			<grass maxuniform="0.5" minuniform="0.35" density="8" />
		</tile>
		<tile>
			<ground url="misc/grass" walkable="true" />
			<grass maxuniform="0.5" minuniform="0.35" density="8" />
		</tile>
		<tile>
			<ground url="misc/grass" walkable="true" />
			<grass maxuniform="0.5" minuniform="0.35" density="8" />
		</tile>
		<tile>
			<ground url="misc/grass" walkable="true" />
			<grass maxuniform="0.5" minuniform="0.35" density="8" />
		</tile>
		<tile>
			<ground url="misc/grass" walkable="true" />
			<grass maxuniform="0.5" minuniform="0.35" density="8" />
		</tile>
		<tile>
			<ground url="misc/grass" walkable="true" />
			<grass maxuniform="0.5" minuniform="0.35" density="8" />
		</tile>
		<tile>
			<ground url="misc/grass" walkable="true" />
			<grass maxuniform="0.5" minuniform="0.35" density="8" />
		</tile>
		<tile>
			<ground url="misc/grass" walkable="true" />
			<grass maxuniform="0.5" minuniform="0.35" density="8" />
		</tile>
		<tile>
			<ground url="misc/grass" walkable="true" />
			<grass maxuniform="0.5" minuniform="0.35" density="8" />
		</tile>
		<tile>
			<ground url="misc/grass" walkable="true" />
			<grass maxuniform="0.5" minuniform="0.35" density="8" />
		</tile>
		<tile>
			<ground url="misc/grass" walkable="true" />
			<grass maxuniform="0.5" minuniform="0.35" density="8" />
		</tile>
		<tile>
			<ground url="misc/grass" walkable="true" />
			<grass maxuniform="0.5" minuniform="0.35" density="8" />
		</tile>
		<tile>
			<ground url="misc/grass" walkable="true" />
			<grass maxuniform="0.5" minuniform="0.35" density="8" />
		</tile>
		<tile>
			<ground url="misc/grass" walkable="true" />
			<grass maxuniform="0.5" minuniform="0.35" density="8" />
		</tile>
		<tile>
			<ground url="misc/grass" walkable="true" />
			<grass maxuniform="0.5" minuniform="0.35" density="8" />
		</tile>
		<tile>
			<ground url="misc/grass" walkable="true" />
			<grass maxuniform="0.5" minuniform="0.35" density="8" />
		</tile>
		<tile>
			<ground url="misc/grass" walkable="true" />
			<grass maxuniform="0.5" minuniform="0.35" density="8" />
		</tile>
		<tile>
			<ground url="misc/grass" walkable="true" />
			<grass maxuniform="0.5" minuniform="0.35" density="8" />
		</tile>
		<tile>
			<ground url="misc/grass" walkable="true" />
			<grass maxuniform="0.5" minuniform="0.35" density="8" />
		</tile>
		<tile>
			<ground url="misc/grass" walkable="true" />
			<grass maxuniform="0.5" minuniform="0.35" density="8" />
		</tile>
		<tile>
			<ground url="misc/grass" walkable="true" />
			<grass maxuniform="0.5" minuniform="0.35" density="8" />
		</tile>
		<tile>
			<ground url="misc/grass" walkable="true" />
			<grass maxuniform="0.5" minuniform="0.35" density="8" />
		</tile>
		<tile>
			<ground url="misc/grass" walkable="true" />
			<grass maxuniform="0.5" minuniform="0.35" density="8" />
		</tile>
		<tile>
			<ground url="misc/grass" walkable="true" />
			<grass maxuniform="0.5" minuniform="0.35" density="8" />
		</tile>
		<tile>
			<ground url="misc/grass" walkable="true" />
			<grass maxuniform="0.5" minuniform="0.35" density="8" />
		</tile>
		<tile>
			<ground url="misc/grass" walkable="true" />
			<grass maxuniform="0.5" minuniform="0.35" density="8" />
		</tile>
		<tile>
			<ground url="misc/grass" walkable="true" />
			<grass maxuniform="0.5" minuniform="0.35" density="8" />
		</tile>
		<tile>
			<ground url="misc/grass" walkable="true" />
			<grass maxuniform="0.5" minuniform="0.35" density="8" />
		</tile>
	</row>
	<row>
		<tile>
			<ground url="misc/grass" walkable="true" />
			<grass maxuniform="0.5" minuniform="0.35" density="8" />
		</tile>
		<tile>
			<ground url="misc/grass" walkable="true" />
			<grass maxuniform="0.5" minuniform="0.35" density="8" />
		</tile>
		<tile>
			<ground url="misc/grass" walkable="true" />
			<grass maxuniform="0.5" minuniform="0.35" density="8" />
		</tile>
		<tile>
			<ground url="misc/grass" walkable="true" />
			<grass maxuniform="0.5" minuniform="0.35" density="8" />
		</tile>
		<tile>
			<ground url="misc/grass" walkable="true" />
			<grass maxuniform="0.5" minuniform="0.35" density="8" />
		</tile>
		<tile>
			<ground url="misc/grass" walkable="true" />
			<grass maxuniform="0.5" minuniform="0.35" density="8" />
		</tile>
		<tile>
			<ground url="misc/grass" walkable="true" />
			<grass maxuniform="0.5" minuniform="0.35" density="8" />
		</tile>
		<tile>
			<ground url="misc/grass" walkable="true" />
			<grass maxuniform="0.5" minuniform="0.35" density="8" />
		</tile>
		<tile>
			<ground url="misc/grass" walkable="true" />
			<grass maxuniform="0.5" minuniform="0.35" density="8" />
		</tile>
		<tile>
			<ground url="misc/grass" walkable="true" />
			<grass maxuniform="0.5" minuniform="0.35" density="8" />
		</tile>
		<tile>
			<ground url="misc/grass" walkable="true" />
			<grass maxuniform="0.5" minuniform="0.35" density="8" />
		</tile>
		<tile>
			<ground url="misc/grass" walkable="true" />
			<grass maxuniform="0.5" minuniform="0.35" density="8" />
		</tile>
		<tile>
			<ground url="misc/grass" walkable="true" />
			<grass maxuniform="0.5" minuniform="0.35" density="8" />
		</tile>
		<tile>
			<ground url="misc/grass" walkable="true" />
			<grass maxuniform="0.5" minuniform="0.35" density="8" />
		</tile>
		<tile>
			<ground url="misc/grass" walkable="true" />
			<grass maxuniform="0.5" minuniform="0.35" density="8" />
		</tile>
		<tile>
			<ground url="misc/grass" walkable="true" />
			<grass maxuniform="0.5" minuniform="0.35" density="8" />
		</tile>
		<tile>
			<ground url="misc/grass" walkable="true" />
			<grass maxuniform="0.5" minuniform="0.35" density="8" />
		</tile>
		<tile>
			<ground url="misc/grass" walkable="true" />
			<grass maxuniform="0.5" minuniform="0.35" density="8" />
			<object scale="1.0" elevation="0.0" url="sets/Esterno/pino2" offsethorizontal="-0.03" offsetcollisionh="0.0" walkable="true" offsetcollisionv="0.0" avoidable="False" offsetvertical="0.0" offsetheight="0.0" collisionmode="2d" offsetwidth="0.0" id="all" inclination="6.0" />
		</tile>
		<tile>
			<ground url="misc/grass" walkable="true" />
			<grass maxuniform="0.5" minuniform="0.35" density="8" />
		</tile>
		<tile>
			<ground url="misc/grass" walkable="true" />
			<grass maxuniform="0.5" minuniform="0.35" density="8" />
			<object scale="1.0" elevation="0.0" url="sets/random/macchina_rotta" offsethorizontal="0.0" offsetcollisionh="0.0" walkable="true" offsetcollisionv="0.0" avoidable="False" offsetvertical="-0.1" offsetheight="0.0" collisionmode="2d" offsetwidth="0.0" id="all" inclination="5.0" />
		</tile>
		<tile>
			<ground url="misc/grass" walkable="true" />
			<grass maxuniform="0.5" minuniform="0.35" density="8" />
		</tile>
		<tile>
			<ground url="misc/grass" walkable="true" />
			<grass maxuniform="0.5" minuniform="0.35" density="8" />
		</tile>
		<tile>
			<ground url="misc/grass" walkable="true" />
			<grass maxuniform="0.5" minuniform="0.35" density="8" />
		</tile>
		<tile>
			<ground url="misc/grass" walkable="true" />
			<grass maxuniform="0.5" minuniform="0.35" density="8" />
		</tile>
		<tile>
			<ground url="misc/grass" walkable="true" />
			<grass maxuniform="0.5" minuniform="0.35" density="8" />
		</tile>
		<tile>
			<ground url="misc/grass" walkable="true" />
			<grass maxuniform="0.5" minuniform="0.35" density="8" />
		</tile>
		<tile>
			<ground url="misc/grass" walkable="true" />
			<grass maxuniform="0.5" minuniform="0.35" density="8" />
		</tile>
		<tile>
			<ground url="misc/grass" walkable="true" />
			<grass maxuniform="0.5" minuniform="0.35" density="8" />
		</tile>
		<tile>
			<ground url="misc/grass" walkable="true" />
			<grass maxuniform="0.5" minuniform="0.35" density="8" />
		</tile>
		<tile>
			<ground url="misc/grass" walkable="true" />
			<grass maxuniform="0.5" minuniform="0.35" density="8" />
		</tile>
		<tile>
			<ground url="misc/grass" walkable="true" />
			<grass maxuniform="0.5" minuniform="0.35" density="8" />
		</tile>
		<tile>
			<ground url="misc/grass" walkable="true" />
			<grass maxuniform="0.5" minuniform="0.35" density="8" />
		</tile>
		<tile>
			<ground url="misc/grass" walkable="true" />
			<grass maxuniform="0.5" minuniform="0.35" density="8" />
		</tile>
		<tile>
			<ground url="misc/grass" walkable="true" />
			<grass maxuniform="0.5" minuniform="0.35" density="8" />
		</tile>
		<tile>
			<ground url="misc/grass" walkable="true" />
			<grass maxuniform="0.5" minuniform="0.35" density="8" />
		</tile>
		<tile>
			<ground url="misc/grass" walkable="true" />
			<grass maxuniform="0.5" minuniform="0.35" density="8" />
		</tile>
	</row>
	<row>
		<tile>
			<ground url="misc/grass" walkable="true" />
			<grass maxuniform="0.5" minuniform="0.35" density="8" />
		</tile>
		<tile>
			<ground url="misc/grass" walkable="true" />
			<grass maxuniform="0.5" minuniform="0.35" density="8" />
		</tile>
		<tile>
			<ground url="misc/grass" walkable="true" />
			<grass maxuniform="0.5" minuniform="0.35" density="8" />
		</tile>
		<tile>
			<ground url="misc/grass" walkable="true" />
			<grass maxuniform="0.5" minuniform="0.35" density="8" />
		</tile>
		<tile>
			<ground url="misc/grass" walkable="true" />
			<grass maxuniform="0.5" minuniform="0.35" density="8" />
		</tile>
		<tile>
			<ground url="misc/grass" walkable="true" />
			<grass maxuniform="0.5" minuniform="0.35" density="8" />
		</tile>
		<tile>
			<ground url="misc/grass" walkable="true" />
			<grass maxuniform="0.5" minuniform="0.35" density="8" />
		</tile>
		<tile>
			<ground url="misc/grass" walkable="true" />
			<grass maxuniform="0.5" minuniform="0.35" density="8" />
		</tile>
		<tile>
			<ground url="misc/grass" walkable="true" />
			<grass maxuniform="0.5" minuniform="0.35" density="8" />
		</tile>
		<tile>
			<ground url="misc/grass" walkable="true" />
			<grass maxuniform="0.5" minuniform="0.35" density="8" />
		</tile>
		<tile>
			<ground url="misc/grass" walkable="true" />
			<grass maxuniform="0.5" minuniform="0.35" density="8" />
		</tile>
		<tile>
			<ground url="misc/grass" walkable="true" />
			<grass maxuniform="0.5" minuniform="0.35" density="8" />
		</tile>
		<tile>
			<ground url="misc/grass" walkable="true" />
			<grass maxuniform="0.5" minuniform="0.35" density="8" />
		</tile>
		<tile>
			<ground url="misc/grass" walkable="true" />
			<grass maxuniform="0.5" minuniform="0.35" density="8" />
		</tile>
		<tile>
			<ground url="misc/grass" walkable="true" />
			<grass maxuniform="0.5" minuniform="0.35" density="8" />
		</tile>
		<tile>
			<ground url="misc/grass" walkable="true" />
			<grass maxuniform="0.5" minuniform="0.35" density="8" />
		</tile>
		<tile>
			<ground url="misc/grass" walkable="true" />
			<grass maxuniform="0.5" minuniform="0.35" density="8" />
		</tile>
		<tile>
			<ground url="misc/grass" walkable="true" />
			<grass maxuniform="0.5" minuniform="0.35" density="8" />
		</tile>
		<tile>
			<ground url="misc/grass" walkable="true" />
			<grass maxuniform="0.5" minuniform="0.35" density="8" />
		</tile>
		<tile>
			<ground url="misc/grass" walkable="true" />
			<grass maxuniform="0.5" minuniform="0.35" density="8" />
		</tile>
		<tile>
			<ground url="misc/grass" walkable="true" />
			<grass maxuniform="0.5" minuniform="0.35" density="8" />
		</tile>
		<tile>
			<ground url="misc/grass" walkable="true" />
			<grass maxuniform="0.5" minuniform="0.35" density="8" />
			<character direction="down" scale="1.0" onPicked="script.load('scripts/incidente/11x12ellenonPicked.py')" url="lucrezia" hitboxscale="1.0" playable="true" inclination="30.0" speed="0.0" id="ellen" />
		</tile>
		<tile>
			<ground url="misc/grass" walkable="true" />
			<grass maxuniform="0.5" minuniform="0.35" density="8" />
		</tile>
		<tile>
			<ground url="misc/grass" walkable="true" />
			<grass maxuniform="0.5" minuniform="0.35" density="8" />
		</tile>
		<tile>
			<ground url="misc/grass" walkable="true" />
			<grass maxuniform="0.5" minuniform="0.35" density="8" />
		</tile>
		<tile>
			<ground url="misc/grass" walkable="true" />
			<grass maxuniform="0.5" minuniform="0.35" density="8" />
		</tile>
		<tile>
			<ground url="misc/grass" walkable="true" />
			<grass maxuniform="0.5" minuniform="0.35" density="8" />
		</tile>
		<tile>
			<ground url="misc/grass" walkable="true" />
			<grass maxuniform="0.5" minuniform="0.35" density="8" />
		</tile>
		<tile>
			<ground url="misc/grass" walkable="true" />
			<grass maxuniform="0.5" minuniform="0.35" density="8" />
		</tile>
		<tile>
			<ground url="misc/grass" walkable="true" />
			<grass maxuniform="0.5" minuniform="0.35" density="8" />
		</tile>
		<tile>
			<ground url="misc/grass" walkable="true" />
			<grass maxuniform="0.5" minuniform="0.35" density="8" />
		</tile>
		<tile>
			<ground url="misc/grass" walkable="true" />
			<grass maxuniform="0.5" minuniform="0.35" density="8" />
		</tile>
		<tile>
			<ground url="misc/grass" walkable="true" />
			<grass maxuniform="0.5" minuniform="0.35" density="8" />
		</tile>
		<tile>
			<ground url="misc/grass" walkable="true" />
			<grass maxuniform="0.5" minuniform="0.35" density="8" />
		</tile>
		<tile>
			<ground url="misc/grass" walkable="true" />
			<grass maxuniform="0.5" minuniform="0.35" density="8" />
		</tile>
		<tile>
			<ground url="misc/grass" walkable="true" />
			<grass maxuniform="0.5" minuniform="0.35" density="8" />
		</tile>
	</row>
	<row>
		<tile>
			<ground url="misc/grass" walkable="true" />
			<grass maxuniform="0.5" minuniform="0.35" density="8" />
		</tile>
		<tile>
			<ground url="misc/grass" walkable="true" />
			<grass maxuniform="0.5" minuniform="0.35" density="8" />
		</tile>
		<tile>
			<ground url="misc/grass" walkable="true" />
			<grass maxuniform="0.5" minuniform="0.35" density="8" />
		</tile>
		<tile>
			<ground url="misc/grass" walkable="true" />
			<grass maxuniform="0.5" minuniform="0.35" density="8" />
		</tile>
		<tile>
			<ground url="misc/grass" walkable="true" />
			<grass maxuniform="0.5" minuniform="0.35" density="8" />
		</tile>
		<tile>
			<ground url="misc/grass" walkable="true" />
			<grass maxuniform="0.5" minuniform="0.35" density="8" />
		</tile>
		<tile>
			<ground url="misc/grass" walkable="true" />
			<grass maxuniform="0.5" minuniform="0.35" density="8" />
		</tile>
		<tile>
			<ground url="misc/grass" walkable="true" />
			<grass maxuniform="0.5" minuniform="0.35" density="8" />
		</tile>
		<tile>
			<ground url="misc/grass" walkable="true" />
			<grass maxuniform="0.5" minuniform="0.35" density="8" />
		</tile>
		<tile>
			<ground url="misc/grass" walkable="true" />
			<grass maxuniform="0.5" minuniform="0.35" density="8" />
		</tile>
		<tile>
			<ground url="misc/grass" walkable="true" />
			<grass maxuniform="0.5" minuniform="0.35" density="8" />
		</tile>
		<tile>
			<ground url="misc/grass" walkable="true" />
			<grass maxuniform="0.5" minuniform="0.35" density="8" />
		</tile>
		<tile>
			<ground url="misc/grass" walkable="true" />
			<grass maxuniform="0.5" minuniform="0.35" density="8" />
		</tile>
		<tile>
			<ground url="misc/grass" walkable="true" />
			<grass maxuniform="0.5" minuniform="0.35" density="8" />
		</tile>
		<tile>
			<ground url="misc/grass" walkable="true" />
			<grass maxuniform="0.5" minuniform="0.35" density="8" />
		</tile>
		<tile>
			<ground url="misc/grass" walkable="true" />
			<grass maxuniform="0.5" minuniform="0.35" density="8" />
		</tile>
		<tile>
			<ground url="misc/grass" walkable="true" />
			<grass maxuniform="0.5" minuniform="0.35" density="8" />
		</tile>
		<tile>
			<ground url="misc/grass" walkable="true" />
			<grass maxuniform="0.5" minuniform="0.35" density="8" />
		</tile>
		<tile>
			<ground url="misc/grass" walkable="true" />
			<grass maxuniform="0.5" minuniform="0.35" density="8" />
		</tile>
		<tile>
			<ground url="misc/grass" walkable="true" />
			<grass maxuniform="0.5" minuniform="0.35" density="8" />
		</tile>
		<tile>
			<ground url="misc/grass" walkable="true" />
			<grass maxuniform="0.5" minuniform="0.35" density="8" />
		</tile>
		<tile>
			<ground url="misc/grass" walkable="true" />
			<grass maxuniform="0.5" minuniform="0.35" density="8" />
		</tile>
		<tile>
			<ground url="misc/grass" walkable="true" />
			<grass maxuniform="0.5" minuniform="0.35" density="8" />
		</tile>
		<tile>
			<ground url="misc/grass" walkable="true" />
			<grass maxuniform="0.5" minuniform="0.35" density="8" />
		</tile>
		<tile>
			<ground url="misc/grass" walkable="true" />
			<grass maxuniform="0.5" minuniform="0.35" density="8" />
		</tile>
		<tile>
			<ground url="misc/grass" walkable="true" />
			<grass maxuniform="0.5" minuniform="0.35" density="8" />
		</tile>
		<tile>
			<ground url="misc/grass" walkable="true" />
			<grass maxuniform="0.5" minuniform="0.35" density="8" />
		</tile>
		<tile>
			<ground url="misc/grass" walkable="true" />
			<grass maxuniform="0.5" minuniform="0.35" density="8" />
		</tile>
		<tile>
			<ground url="misc/grass" walkable="true" />
			<grass maxuniform="0.5" minuniform="0.35" density="8" />
		</tile>
		<tile>
			<ground url="misc/grass" walkable="true" />
			<grass maxuniform="0.5" minuniform="0.35" density="8" />
		</tile>
		<tile>
			<ground url="misc/grass" walkable="true" />
			<grass maxuniform="0.5" minuniform="0.35" density="8" />
		</tile>
		<tile>
			<ground url="misc/grass" walkable="true" />
			<grass maxuniform="0.5" minuniform="0.35" density="8" />
		</tile>
		<tile>
			<ground url="misc/grass" walkable="true" />
			<grass maxuniform="0.5" minuniform="0.35" density="8" />
		</tile>
		<tile>
			<ground url="misc/grass" walkable="true" />
			<grass maxuniform="0.5" minuniform="0.35" density="8" />
		</tile>
		<tile>
			<ground url="misc/grass" walkable="true" />
			<grass maxuniform="0.5" minuniform="0.35" density="8" />
		</tile>
		<tile>
			<ground url="misc/grass" walkable="true" />
			<grass maxuniform="0.5" minuniform="0.35" density="8" />
		</tile>
	</row>
	<row>
		<tile>
			<ground url="misc/grass" walkable="true" />
			<grass maxuniform="0.5" minuniform="0.35" density="8" />
		</tile>
		<tile>
			<ground url="misc/grass" walkable="true" />
			<grass maxuniform="0.5" minuniform="0.35" density="8" />
		</tile>
		<tile>
			<ground url="misc/grass" walkable="true" />
			<grass maxuniform="0.5" minuniform="0.35" density="8" />
		</tile>
		<tile>
			<ground url="misc/grass" walkable="true" />
			<grass maxuniform="0.5" minuniform="0.35" density="8" />
		</tile>
		<tile>
			<ground url="misc/grass" walkable="true" />
			<grass maxuniform="0.5" minuniform="0.35" density="8" />
		</tile>
		<tile>
			<ground url="misc/grass" walkable="true" />
			<grass maxuniform="0.5" minuniform="0.35" density="8" />
		</tile>
		<tile>
			<ground url="misc/grass" walkable="true" />
			<grass maxuniform="0.5" minuniform="0.35" density="8" />
		</tile>
		<tile>
			<ground url="misc/grass" walkable="true" />
			<grass maxuniform="0.5" minuniform="0.35" density="8" />
		</tile>
		<tile>
			<ground url="misc/grass" walkable="true" />
			<grass maxuniform="0.5" minuniform="0.35" density="8" />
		</tile>
		<tile>
			<ground url="misc/grass" walkable="true" />
			<grass maxuniform="0.5" minuniform="0.35" density="8" />
		</tile>
		<tile>
			<ground url="misc/grass" walkable="true" />
			<grass maxuniform="0.5" minuniform="0.35" density="8" />
		</tile>
		<tile>
			<ground url="misc/grass" walkable="true" />
			<grass maxuniform="0.5" minuniform="0.35" density="8" />
		</tile>
		<tile>
			<ground url="misc/grass" walkable="true" />
			<grass maxuniform="0.5" minuniform="0.35" density="8" />
		</tile>
		<tile>
			<ground url="misc/grass" walkable="true" />
			<grass maxuniform="0.5" minuniform="0.35" density="8" />
		</tile>
		<tile>
			<ground url="misc/grass" walkable="true" />
			<grass maxuniform="0.5" minuniform="0.35" density="8" />
		</tile>
		<tile>
			<ground url="misc/grass" walkable="true" />
			<grass maxuniform="0.5" minuniform="0.35" density="8" />
		</tile>
		<tile>
			<ground url="misc/grass" walkable="true" />
			<grass maxuniform="0.5" minuniform="0.35" density="8" />
		</tile>
		<tile>
			<ground url="misc/grass" walkable="true" />
			<grass maxuniform="0.5" minuniform="0.35" density="8" />
		</tile>
		<tile>
			<ground url="misc/grass" walkable="true" />
			<grass maxuniform="0.5" minuniform="0.35" density="8" />
		</tile>
		<tile>
			<ground url="misc/grass" walkable="true" />
			<grass maxuniform="0.5" minuniform="0.35" density="8" />
		</tile>
		<tile>
			<ground url="misc/grass" walkable="true" />
			<grass maxuniform="0.5" minuniform="0.35" density="8" />
		</tile>
		<tile>
			<ground url="misc/grass" walkable="true" />
			<grass maxuniform="0.5" minuniform="0.35" density="8" />
		</tile>
		<tile>
			<ground url="misc/grass" walkable="true" />
			<grass maxuniform="0.5" minuniform="0.35" density="8" />
		</tile>
		<tile>
			<ground url="misc/grass" walkable="true" />
			<grass maxuniform="0.5" minuniform="0.35" density="8" />
		</tile>
		<tile>
			<ground url="misc/grass" walkable="true" />
			<grass maxuniform="0.5" minuniform="0.35" density="8" />
		</tile>
		<tile>
			<ground url="misc/grass" walkable="true" />
			<grass maxuniform="0.5" minuniform="0.35" density="8" />
		</tile>
		<tile>
			<ground url="misc/grass" walkable="true" />
			<grass maxuniform="0.5" minuniform="0.35" density="8" />
		</tile>
		<tile>
			<ground url="misc/grass" walkable="true" />
			<grass maxuniform="0.5" minuniform="0.35" density="8" />
		</tile>
		<tile>
			<ground url="misc/grass" walkable="true" />
			<grass maxuniform="0.5" minuniform="0.35" density="8" />
		</tile>
		<tile>
			<ground url="misc/grass" walkable="true" />
			<grass maxuniform="0.5" minuniform="0.35" density="8" />
		</tile>
		<tile>
			<ground url="misc/grass" walkable="true" />
			<grass maxuniform="0.5" minuniform="0.35" density="8" />
		</tile>
		<tile>
			<ground url="misc/grass" walkable="true" />
			<grass maxuniform="0.5" minuniform="0.35" density="8" />
		</tile>
		<tile>
			<ground url="misc/grass" walkable="true" />
			<grass maxuniform="0.5" minuniform="0.35" density="8" />
		</tile>
		<tile>
			<ground url="misc/grass" walkable="true" />
			<grass maxuniform="0.5" minuniform="0.35" density="8" />
		</tile>
		<tile>
			<ground url="misc/grass" walkable="true" />
			<grass maxuniform="0.5" minuniform="0.35" density="8" />
		</tile>
		<tile>
			<ground url="misc/grass" walkable="true" />
			<grass maxuniform="0.5" minuniform="0.35" density="8" />
		</tile>
	</row>
	<row>
		<tile>
			<ground url="misc/grass" walkable="true" />
			<grass maxuniform="0.5" minuniform="0.35" density="8" />
		</tile>
		<tile>
			<ground url="misc/grass" walkable="true" />
			<grass maxuniform="0.5" minuniform="0.35" density="8" />
		</tile>
		<tile>
			<ground url="misc/grass" walkable="true" />
			<grass maxuniform="0.5" minuniform="0.35" density="8" />
		</tile>
		<tile>
			<ground url="misc/grass" walkable="true" />
			<grass maxuniform="0.5" minuniform="0.35" density="8" />
		</tile>
		<tile>
			<ground url="misc/grass" walkable="true" />
			<grass maxuniform="0.5" minuniform="0.35" density="8" />
		</tile>
		<tile>
			<ground url="misc/grass" walkable="true" />
			<grass maxuniform="0.5" minuniform="0.35" density="8" />
		</tile>
		<tile>
			<ground url="misc/grass" walkable="true" />
			<grass maxuniform="0.5" minuniform="0.35" density="8" />
		</tile>
		<tile>
			<ground url="misc/grass" walkable="true" />
			<grass maxuniform="0.5" minuniform="0.35" density="8" />
		</tile>
		<tile>
			<ground url="misc/grass" walkable="true" />
			<grass maxuniform="0.5" minuniform="0.35" density="8" />
		</tile>
		<tile>
			<ground url="misc/grass" walkable="true" />
			<grass maxuniform="0.5" minuniform="0.35" density="8" />
		</tile>
		<tile>
			<ground url="misc/grass" walkable="true" />
			<grass maxuniform="0.5" minuniform="0.35" density="8" />
		</tile>
		<tile>
			<ground url="misc/grass" walkable="true" />
			<grass maxuniform="0.5" minuniform="0.35" density="8" />
		</tile>
		<tile>
			<ground url="misc/grass" walkable="true" />
			<grass maxuniform="0.5" minuniform="0.35" density="8" />
		</tile>
		<tile>
			<ground url="misc/grass" walkable="true" />
			<grass maxuniform="0.5" minuniform="0.35" density="8" />
		</tile>
		<tile>
			<ground url="misc/grass" walkable="true" />
			<grass maxuniform="0.5" minuniform="0.35" density="8" />
		</tile>
		<tile>
			<ground url="misc/grass" walkable="true" />
			<grass maxuniform="0.5" minuniform="0.35" density="8" />
		</tile>
		<tile>
			<ground url="misc/grass" walkable="true" />
			<grass maxuniform="0.5" minuniform="0.35" density="8" />
		</tile>
		<tile>
			<ground url="misc/grass" walkable="true" />
			<grass maxuniform="0.5" minuniform="0.35" density="8" />
		</tile>
		<tile>
			<ground url="misc/grass" walkable="true" />
			<grass maxuniform="0.5" minuniform="0.35" density="8" />
		</tile>
		<tile>
			<ground url="misc/grass" walkable="true" />
			<grass maxuniform="0.5" minuniform="0.35" density="8" />
		</tile>
		<tile>
			<ground url="misc/grass" walkable="true" />
			<grass maxuniform="0.5" minuniform="0.35" density="8" />
		</tile>
		<tile>
			<ground url="misc/grass" walkable="true" />
			<grass maxuniform="0.5" minuniform="0.35" density="8" />
		</tile>
		<tile>
			<ground url="misc/grass" walkable="true" />
			<grass maxuniform="0.5" minuniform="0.35" density="8" />
		</tile>
		<tile>
			<ground url="misc/grass" walkable="true" />
			<grass maxuniform="0.5" minuniform="0.35" density="8" />
		</tile>
		<tile>
			<ground url="misc/grass" walkable="true" />
			<grass maxuniform="0.5" minuniform="0.35" density="8" />
		</tile>
		<tile>
			<ground url="misc/grass" walkable="true" />
			<grass maxuniform="0.5" minuniform="0.35" density="8" />
		</tile>
		<tile>
			<ground url="misc/grass" walkable="true" />
			<grass maxuniform="0.5" minuniform="0.35" density="8" />
		</tile>
		<tile>
			<ground url="misc/grass" walkable="true" />
			<grass maxuniform="0.5" minuniform="0.35" density="8" />
		</tile>
		<tile>
			<ground url="misc/grass" walkable="true" />
			<grass maxuniform="0.5" minuniform="0.35" density="8" />
		</tile>
		<tile>
			<ground url="misc/grass" walkable="true" />
			<grass maxuniform="0.5" minuniform="0.35" density="8" />
		</tile>
		<tile>
			<ground url="misc/grass" walkable="true" />
			<grass maxuniform="0.5" minuniform="0.35" density="8" />
		</tile>
		<tile>
			<ground url="misc/grass" walkable="true" />
			<grass maxuniform="0.5" minuniform="0.35" density="8" />
		</tile>
		<tile>
			<ground url="misc/grass" walkable="true" />
			<grass maxuniform="0.5" minuniform="0.35" density="8" />
		</tile>
		<tile>
			<ground url="misc/grass" walkable="true" />
			<grass maxuniform="0.5" minuniform="0.35" density="8" />
		</tile>
		<tile>
			<ground url="misc/grass" walkable="true" />
			<grass maxuniform="0.5" minuniform="0.35" density="8" />
		</tile>
		<tile>
			<ground url="misc/grass" walkable="true" />
			<grass maxuniform="0.5" minuniform="0.35" density="8" />
		</tile>
	</row>
	<row>
		<tile>
			<ground url="misc/grass" walkable="true" />
			<grass maxuniform="0.5" minuniform="0.35" density="8" />
		</tile>
		<tile>
			<ground url="misc/grass" walkable="true" />
			<grass maxuniform="0.5" minuniform="0.35" density="8" />
		</tile>
		<tile>
			<ground url="misc/grass" walkable="true" />
			<grass maxuniform="0.5" minuniform="0.35" density="8" />
		</tile>
		<tile>
			<ground url="misc/grass" walkable="true" />
			<grass maxuniform="0.5" minuniform="0.35" density="8" />
		</tile>
		<tile>
			<ground url="misc/grass" walkable="true" />
			<grass maxuniform="0.5" minuniform="0.35" density="8" />
		</tile>
		<tile>
			<ground url="misc/grass" walkable="true" />
			<grass maxuniform="0.5" minuniform="0.35" density="8" />
		</tile>
		<tile>
			<ground url="misc/grass" walkable="true" />
			<grass maxuniform="0.5" minuniform="0.35" density="8" />
		</tile>
		<tile>
			<ground url="misc/grass" walkable="true" />
			<grass maxuniform="0.5" minuniform="0.35" density="8" />
		</tile>
		<tile>
			<ground url="misc/grass" walkable="true" />
			<grass maxuniform="0.5" minuniform="0.35" density="8" />
		</tile>
		<tile>
			<ground url="misc/grass" walkable="true" />
			<grass maxuniform="0.5" minuniform="0.35" density="8" />
		</tile>
		<tile>
			<ground url="misc/grass" walkable="true" />
			<grass maxuniform="0.5" minuniform="0.35" density="8" />
		</tile>
		<tile>
			<ground url="misc/grass" walkable="true" />
			<grass maxuniform="0.5" minuniform="0.35" density="8" />
		</tile>
		<tile>
			<ground url="misc/grass" walkable="true" />
			<grass maxuniform="0.5" minuniform="0.35" density="8" />
		</tile>
		<tile>
			<ground url="misc/grass" walkable="true" />
			<grass maxuniform="0.5" minuniform="0.35" density="8" />
		</tile>
		<tile>
			<ground url="misc/grass" walkable="true" />
			<grass maxuniform="0.5" minuniform="0.35" density="8" />
		</tile>
		<tile>
			<ground url="misc/grass" walkable="true" />
			<grass maxuniform="0.5" minuniform="0.35" density="8" />
		</tile>
		<tile>
			<ground url="misc/grass" walkable="true" />
			<grass maxuniform="0.5" minuniform="0.35" density="8" />
		</tile>
		<tile>
			<ground url="misc/grass" walkable="true" />
			<grass maxuniform="0.5" minuniform="0.35" density="8" />
		</tile>
		<tile>
			<ground url="misc/grass" walkable="true" />
			<grass maxuniform="0.5" minuniform="0.35" density="8" />
		</tile>
		<tile>
			<ground url="misc/grass" walkable="true" />
			<grass maxuniform="0.5" minuniform="0.35" density="8" />
		</tile>
		<tile>
			<ground url="misc/grass" walkable="true" />
			<grass maxuniform="0.5" minuniform="0.35" density="8" />
		</tile>
		<tile>
			<ground url="misc/grass" walkable="true" />
			<grass maxuniform="0.5" minuniform="0.35" density="8" />
		</tile>
		<tile>
			<ground url="misc/grass" walkable="true" />
			<grass maxuniform="0.5" minuniform="0.35" density="8" />
		</tile>
		<tile>
			<ground url="misc/grass" walkable="true" />
			<grass maxuniform="0.5" minuniform="0.35" density="8" />
		</tile>
		<tile>
			<ground url="misc/grass" walkable="true" />
			<grass maxuniform="0.5" minuniform="0.35" density="8" />
		</tile>
		<tile>
			<ground url="misc/grass" walkable="true" />
			<grass maxuniform="0.5" minuniform="0.35" density="8" />
		</tile>
		<tile>
			<ground url="misc/grass" walkable="true" />
			<grass maxuniform="0.5" minuniform="0.35" density="8" />
		</tile>
		<tile>
			<ground url="misc/grass" walkable="true" />
			<grass maxuniform="0.5" minuniform="0.35" density="8" />
		</tile>
		<tile>
			<ground url="misc/grass" walkable="true" />
			<grass maxuniform="0.5" minuniform="0.35" density="8" />
		</tile>
		<tile>
			<ground url="misc/grass" walkable="true" />
			<grass maxuniform="0.5" minuniform="0.35" density="8" />
		</tile>
		<tile>
			<ground url="misc/grass" walkable="true" />
			<grass maxuniform="0.5" minuniform="0.35" density="8" />
		</tile>
		<tile>
			<ground url="misc/grass" walkable="true" />
			<grass maxuniform="0.5" minuniform="0.35" density="8" />
		</tile>
		<tile>
			<ground url="misc/grass" walkable="true" />
			<grass maxuniform="0.5" minuniform="0.35" density="8" />
		</tile>
		<tile>
			<ground url="misc/grass" walkable="true" />
			<grass maxuniform="0.5" minuniform="0.35" density="8" />
		</tile>
		<tile>
			<ground url="misc/grass" walkable="true" />
			<grass maxuniform="0.5" minuniform="0.35" density="8" />
		</tile>
		<tile>
			<ground url="misc/grass" walkable="true" />
			<grass maxuniform="0.5" minuniform="0.35" density="8" />
		</tile>
	</row>
	<row>
		<tile>
			<ground url="misc/grass" walkable="true" />
			<grass maxuniform="0.5" minuniform="0.35" density="8" />
		</tile>
		<tile>
			<ground url="misc/grass" walkable="true" />
			<grass maxuniform="0.5" minuniform="0.35" density="8" />
		</tile>
		<tile>
			<ground url="misc/grass" walkable="true" />
			<grass maxuniform="0.5" minuniform="0.35" density="8" />
		</tile>
		<tile>
			<ground url="misc/grass" walkable="true" />
			<grass maxuniform="0.5" minuniform="0.35" density="8" />
		</tile>
		<tile>
			<ground url="misc/grass" walkable="true" />
			<grass maxuniform="0.5" minuniform="0.35" density="8" />
		</tile>
		<tile>
			<ground url="misc/grass" walkable="true" />
			<grass maxuniform="0.5" minuniform="0.35" density="8" />
		</tile>
		<tile>
			<ground url="misc/grass" walkable="true" />
			<grass maxuniform="0.5" minuniform="0.35" density="8" />
		</tile>
		<tile>
			<ground url="misc/grass" walkable="true" />
			<grass maxuniform="0.5" minuniform="0.35" density="8" />
		</tile>
		<tile>
			<ground url="misc/grass" walkable="true" />
			<grass maxuniform="0.5" minuniform="0.35" density="8" />
		</tile>
		<tile>
			<ground url="misc/grass" walkable="true" />
			<grass maxuniform="0.5" minuniform="0.35" density="8" />
		</tile>
		<tile>
			<ground url="misc/grass" walkable="true" />
			<grass maxuniform="0.5" minuniform="0.35" density="8" />
		</tile>
		<tile>
			<ground url="misc/grass" walkable="true" />
			<grass maxuniform="0.5" minuniform="0.35" density="8" />
		</tile>
		<tile>
			<ground url="misc/grass" walkable="true" />
			<grass maxuniform="0.5" minuniform="0.35" density="8" />
		</tile>
		<tile>
			<ground url="misc/grass" walkable="true" />
			<grass maxuniform="0.5" minuniform="0.35" density="8" />
		</tile>
		<tile>
			<ground url="misc/grass" walkable="true" />
			<grass maxuniform="0.5" minuniform="0.35" density="8" />
		</tile>
		<tile>
			<ground url="misc/grass" walkable="true" />
			<grass maxuniform="0.5" minuniform="0.35" density="8" />
		</tile>
		<tile>
			<ground url="misc/grass" walkable="true" />
			<grass maxuniform="0.5" minuniform="0.35" density="8" />
		</tile>
		<tile>
			<ground url="misc/grass" walkable="true" />
			<grass maxuniform="0.5" minuniform="0.35" density="8" />
		</tile>
		<tile>
			<ground url="misc/grass" walkable="true" />
			<grass maxuniform="0.5" minuniform="0.35" density="8" />
		</tile>
		<tile>
			<ground url="misc/grass" walkable="true" />
			<grass maxuniform="0.5" minuniform="0.35" density="8" />
		</tile>
		<tile>
			<ground url="misc/grass" walkable="true" />
			<grass maxuniform="0.5" minuniform="0.35" density="8" />
		</tile>
		<tile>
			<ground url="misc/grass" walkable="true" />
			<grass maxuniform="0.5" minuniform="0.35" density="8" />
		</tile>
		<tile>
			<ground url="misc/grass" walkable="true" />
			<grass maxuniform="0.5" minuniform="0.35" density="8" />
		</tile>
		<tile>
			<ground url="misc/grass" walkable="true" />
			<grass maxuniform="0.5" minuniform="0.35" density="8" />
		</tile>
		<tile>
			<ground url="misc/grass" walkable="true" />
			<grass maxuniform="0.5" minuniform="0.35" density="8" />
		</tile>
		<tile>
			<ground url="misc/grass" walkable="true" />
			<grass maxuniform="0.5" minuniform="0.35" density="8" />
		</tile>
		<tile>
			<ground url="misc/grass" walkable="true" />
			<grass maxuniform="0.5" minuniform="0.35" density="8" />
		</tile>
		<tile>
			<ground url="misc/grass" walkable="true" />
			<grass maxuniform="0.5" minuniform="0.35" density="8" />
		</tile>
		<tile>
			<ground url="misc/grass" walkable="true" />
			<grass maxuniform="0.5" minuniform="0.35" density="8" />
		</tile>
		<tile>
			<ground url="misc/grass" walkable="true" />
			<grass maxuniform="0.5" minuniform="0.35" density="8" />
		</tile>
		<tile>
			<ground url="misc/grass" walkable="true" />
			<grass maxuniform="0.5" minuniform="0.35" density="8" />
		</tile>
		<tile>
			<ground url="misc/grass" walkable="true" />
			<grass maxuniform="0.5" minuniform="0.35" density="8" />
		</tile>
		<tile>
			<ground url="misc/grass" walkable="true" />
			<grass maxuniform="0.5" minuniform="0.35" density="8" />
		</tile>
		<tile>
			<ground url="misc/grass" walkable="true" />
			<grass maxuniform="0.5" minuniform="0.35" density="8" />
		</tile>
		<tile>
			<ground url="misc/grass" walkable="true" />
			<grass maxuniform="0.5" minuniform="0.35" density="8" />
		</tile>
		<tile>
			<ground url="misc/grass" walkable="true" />
			<grass maxuniform="0.5" minuniform="0.35" density="8" />
		</tile>
	</row>
	<row>
		<tile>
			<ground url="misc/grass" walkable="true" />
			<grass maxuniform="0.5" minuniform="0.35" density="8" />
		</tile>
		<tile>
			<ground url="misc/grass" walkable="true" />
			<grass maxuniform="0.5" minuniform="0.35" density="8" />
		</tile>
		<tile>
			<ground url="misc/grass" walkable="true" />
			<grass maxuniform="0.5" minuniform="0.35" density="8" />
		</tile>
		<tile>
			<ground url="misc/grass" walkable="true" />
			<grass maxuniform="0.5" minuniform="0.35" density="8" />
		</tile>
		<tile>
			<ground url="misc/grass" walkable="true" />
			<grass maxuniform="0.5" minuniform="0.35" density="8" />
		</tile>
		<tile>
			<ground url="misc/grass" walkable="true" />
			<grass maxuniform="0.5" minuniform="0.35" density="8" />
		</tile>
		<tile>
			<ground url="misc/grass" walkable="true" />
			<grass maxuniform="0.5" minuniform="0.35" density="8" />
		</tile>
		<tile>
			<ground url="misc/grass" walkable="true" />
			<grass maxuniform="0.5" minuniform="0.35" density="8" />
		</tile>
		<tile>
			<ground url="misc/grass" walkable="true" />
			<grass maxuniform="0.5" minuniform="0.35" density="8" />
		</tile>
		<tile>
			<ground url="misc/grass" walkable="true" />
			<grass maxuniform="0.5" minuniform="0.35" density="8" />
		</tile>
		<tile>
			<ground url="misc/grass" walkable="true" />
			<grass maxuniform="0.5" minuniform="0.35" density="8" />
		</tile>
		<tile>
			<ground url="misc/grass" walkable="true" />
			<grass maxuniform="0.5" minuniform="0.35" density="8" />
		</tile>
		<tile>
			<ground url="misc/grass" walkable="true" />
			<grass maxuniform="0.5" minuniform="0.35" density="8" />
		</tile>
		<tile>
			<ground url="misc/grass" walkable="true" />
			<grass maxuniform="0.5" minuniform="0.35" density="8" />
		</tile>
		<tile>
			<ground url="misc/grass" walkable="true" />
			<grass maxuniform="0.5" minuniform="0.35" density="8" />
		</tile>
		<tile>
			<ground url="misc/grass" walkable="true" />
			<grass maxuniform="0.5" minuniform="0.35" density="8" />
		</tile>
		<tile>
			<ground url="misc/grass" walkable="true" />
			<grass maxuniform="0.5" minuniform="0.35" density="8" />
		</tile>
		<tile>
			<ground url="misc/grass" walkable="true" />
			<grass maxuniform="0.5" minuniform="0.35" density="8" />
		</tile>
		<tile>
			<ground url="misc/grass" walkable="true" />
			<grass maxuniform="0.5" minuniform="0.35" density="8" />
		</tile>
		<tile>
			<ground url="misc/grass" walkable="true" />
			<grass maxuniform="0.5" minuniform="0.35" density="8" />
		</tile>
		<tile>
			<ground url="misc/grass" walkable="true" />
			<grass maxuniform="0.5" minuniform="0.35" density="8" />
		</tile>
		<tile>
			<ground url="misc/grass" walkable="true" />
			<grass maxuniform="0.5" minuniform="0.35" density="8" />
		</tile>
		<tile>
			<ground url="misc/grass" walkable="true" />
			<grass maxuniform="0.5" minuniform="0.35" density="8" />
		</tile>
		<tile>
			<ground url="misc/grass" walkable="true" />
			<grass maxuniform="0.5" minuniform="0.35" density="8" />
		</tile>
		<tile>
			<ground url="misc/grass" walkable="true" />
			<grass maxuniform="0.5" minuniform="0.35" density="8" />
		</tile>
		<tile>
			<ground url="misc/grass" walkable="true" />
			<grass maxuniform="0.5" minuniform="0.35" density="8" />
		</tile>
		<tile>
			<ground url="misc/grass" walkable="true" />
			<grass maxuniform="0.5" minuniform="0.35" density="8" />
		</tile>
		<tile>
			<ground url="misc/grass" walkable="true" />
			<grass maxuniform="0.5" minuniform="0.35" density="8" />
		</tile>
		<tile>
			<ground url="misc/grass" walkable="true" />
			<grass maxuniform="0.5" minuniform="0.35" density="8" />
		</tile>
		<tile>
			<ground url="misc/grass" walkable="true" />
			<grass maxuniform="0.5" minuniform="0.35" density="8" />
		</tile>
		<tile>
			<ground url="misc/grass" walkable="true" />
			<grass maxuniform="0.5" minuniform="0.35" density="8" />
		</tile>
		<tile>
			<ground url="misc/grass" walkable="true" />
			<grass maxuniform="0.5" minuniform="0.35" density="8" />
		</tile>
		<tile>
			<ground url="misc/grass" walkable="true" />
			<grass maxuniform="0.5" minuniform="0.35" density="8" />
		</tile>
		<tile>
			<ground url="misc/grass" walkable="true" />
			<grass maxuniform="0.5" minuniform="0.35" density="8" />
		</tile>
		<tile>
			<ground url="misc/grass" walkable="true" />
			<grass maxuniform="0.5" minuniform="0.35" density="8" />
		</tile>
		<tile>
			<ground url="misc/grass" walkable="true" />
			<grass maxuniform="0.5" minuniform="0.35" density="8" />
		</tile>
	</row>
	<row>
		<tile>
			<ground url="misc/grass" walkable="true" />
			<grass maxuniform="0.5" minuniform="0.35" density="8" />
		</tile>
		<tile>
			<ground url="misc/grass" walkable="true" />
			<grass maxuniform="0.5" minuniform="0.35" density="8" />
		</tile>
		<tile>
			<ground url="misc/grass" walkable="true" />
			<grass maxuniform="0.5" minuniform="0.35" density="8" />
		</tile>
		<tile>
			<ground url="misc/grass" walkable="true" />
			<grass maxuniform="0.5" minuniform="0.35" density="8" />
		</tile>
		<tile>
			<ground url="misc/grass" walkable="true" />
			<grass maxuniform="0.5" minuniform="0.35" density="8" />
		</tile>
		<tile>
			<ground url="misc/grass" walkable="true" />
			<grass maxuniform="0.5" minuniform="0.35" density="8" />
		</tile>
		<tile>
			<ground url="misc/grass" walkable="true" />
			<grass maxuniform="0.5" minuniform="0.35" density="8" />
		</tile>
		<tile>
			<ground url="misc/grass" walkable="true" />
			<grass maxuniform="0.5" minuniform="0.35" density="8" />
		</tile>
		<tile>
			<ground url="misc/grass" walkable="true" />
			<grass maxuniform="0.5" minuniform="0.35" density="8" />
		</tile>
		<tile>
			<ground url="misc/grass" walkable="true" />
			<grass maxuniform="0.5" minuniform="0.35" density="8" />
		</tile>
		<tile>
			<ground url="misc/grass" walkable="true" />
			<grass maxuniform="0.5" minuniform="0.35" density="8" />
		</tile>
		<tile>
			<ground url="misc/grass" walkable="true" />
			<grass maxuniform="0.5" minuniform="0.35" density="8" />
		</tile>
		<tile>
			<ground url="misc/grass" walkable="true" />
			<grass maxuniform="0.5" minuniform="0.35" density="8" />
		</tile>
		<tile>
			<ground url="misc/grass" walkable="true" />
			<grass maxuniform="0.5" minuniform="0.35" density="8" />
		</tile>
		<tile>
			<ground url="misc/grass" walkable="true" />
			<grass maxuniform="0.5" minuniform="0.35" density="8" />
		</tile>
		<tile>
			<ground url="misc/grass" walkable="true" />
			<grass maxuniform="0.5" minuniform="0.35" density="8" />
		</tile>
		<tile>
			<ground url="misc/grass" walkable="true" />
			<grass maxuniform="0.5" minuniform="0.35" density="8" />
		</tile>
		<tile>
			<ground url="misc/grass" walkable="true" />
			<grass maxuniform="0.5" minuniform="0.35" density="8" />
		</tile>
		<tile>
			<ground url="misc/grass" walkable="true" />
			<grass maxuniform="0.5" minuniform="0.35" density="8" />
		</tile>
		<tile>
			<ground url="misc/grass" walkable="true" />
			<grass maxuniform="0.5" minuniform="0.35" density="8" />
		</tile>
		<tile>
			<ground url="misc/grass" walkable="true" />
			<grass maxuniform="0.5" minuniform="0.35" density="8" />
		</tile>
		<tile>
			<ground url="misc/grass" walkable="true" />
			<grass maxuniform="0.5" minuniform="0.35" density="8" />
		</tile>
		<tile>
			<ground url="misc/grass" walkable="true" />
			<grass maxuniform="0.5" minuniform="0.35" density="8" />
		</tile>
		<tile>
			<ground url="misc/grass" walkable="true" />
			<grass maxuniform="0.5" minuniform="0.35" density="8" />
		</tile>
		<tile>
			<ground url="misc/grass" walkable="true" />
			<grass maxuniform="0.5" minuniform="0.35" density="8" />
		</tile>
		<tile>
			<ground url="misc/grass" walkable="true" />
			<grass maxuniform="0.5" minuniform="0.35" density="8" />
		</tile>
		<tile>
			<ground url="misc/grass" walkable="true" />
			<grass maxuniform="0.5" minuniform="0.35" density="8" />
		</tile>
		<tile>
			<ground url="misc/grass" walkable="true" />
			<grass maxuniform="0.5" minuniform="0.35" density="8" />
		</tile>
		<tile>
			<ground url="misc/grass" walkable="true" />
			<grass maxuniform="0.5" minuniform="0.35" density="8" />
		</tile>
		<tile>
			<ground url="misc/grass" walkable="true" />
			<grass maxuniform="0.5" minuniform="0.35" density="8" />
		</tile>
		<tile>
			<ground url="misc/grass" walkable="true" />
			<grass maxuniform="0.5" minuniform="0.35" density="8" />
		</tile>
		<tile>
			<ground url="misc/grass" walkable="true" />
			<grass maxuniform="0.5" minuniform="0.35" density="8" />
		</tile>
		<tile>
			<ground url="misc/grass" walkable="true" />
			<grass maxuniform="0.5" minuniform="0.35" density="8" />
		</tile>
		<tile>
			<ground url="misc/grass" walkable="true" />
			<grass maxuniform="0.5" minuniform="0.35" density="8" />
		</tile>
		<tile>
			<ground url="misc/grass" walkable="true" />
			<grass maxuniform="0.5" minuniform="0.35" density="8" />
		</tile>
		<tile>
			<ground url="misc/grass" walkable="true" />
			<grass maxuniform="0.5" minuniform="0.35" density="8" />
		</tile>
	</row>
	<row>
		<tile>
			<ground url="misc/grass" walkable="true" />
			<grass maxuniform="0.5" minuniform="0.35" density="8" />
		</tile>
		<tile>
			<ground url="misc/grass" walkable="true" />
			<grass maxuniform="0.5" minuniform="0.35" density="8" />
		</tile>
		<tile>
			<ground url="misc/grass" walkable="true" />
			<grass maxuniform="0.5" minuniform="0.35" density="8" />
		</tile>
		<tile>
			<ground url="misc/grass" walkable="true" />
			<grass maxuniform="0.5" minuniform="0.35" density="8" />
		</tile>
		<tile>
			<ground url="misc/grass" walkable="true" />
			<grass maxuniform="0.5" minuniform="0.35" density="8" />
		</tile>
		<tile>
			<ground url="misc/grass" walkable="true" />
			<grass maxuniform="0.5" minuniform="0.35" density="8" />
		</tile>
		<tile>
			<ground url="misc/grass" walkable="true" />
			<grass maxuniform="0.5" minuniform="0.35" density="8" />
		</tile>
		<tile>
			<ground url="misc/grass" walkable="true" />
			<grass maxuniform="0.5" minuniform="0.35" density="8" />
		</tile>
		<tile>
			<ground url="misc/grass" walkable="true" />
			<grass maxuniform="0.5" minuniform="0.35" density="8" />
		</tile>
		<tile>
			<ground url="misc/grass" walkable="true" />
			<grass maxuniform="0.5" minuniform="0.35" density="8" />
		</tile>
		<tile>
			<ground url="misc/grass" walkable="true" />
			<grass maxuniform="0.5" minuniform="0.35" density="8" />
		</tile>
		<tile>
			<ground url="misc/grass" walkable="true" />
			<grass maxuniform="0.5" minuniform="0.35" density="8" />
		</tile>
		<tile>
			<ground url="misc/grass" walkable="true" />
			<grass maxuniform="0.5" minuniform="0.35" density="8" />
		</tile>
		<tile>
			<ground url="misc/grass" walkable="true" />
			<grass maxuniform="0.5" minuniform="0.35" density="8" />
		</tile>
		<tile>
			<ground url="misc/grass" walkable="true" />
			<grass maxuniform="0.5" minuniform="0.35" density="8" />
		</tile>
		<tile>
			<ground url="misc/grass" walkable="true" />
			<grass maxuniform="0.5" minuniform="0.35" density="8" />
		</tile>
		<tile>
			<ground url="misc/grass" walkable="true" />
			<grass maxuniform="0.5" minuniform="0.35" density="8" />
		</tile>
		<tile>
			<ground url="misc/grass" walkable="true" />
			<grass maxuniform="0.5" minuniform="0.35" density="8" />
		</tile>
		<tile>
			<ground url="misc/grass" walkable="true" />
			<grass maxuniform="0.5" minuniform="0.35" density="8" />
		</tile>
		<tile>
			<ground url="misc/grass" walkable="true" />
			<grass maxuniform="0.5" minuniform="0.35" density="8" />
		</tile>
		<tile>
			<ground url="misc/grass" walkable="true" />
			<grass maxuniform="0.5" minuniform="0.35" density="8" />
		</tile>
		<tile>
			<ground url="misc/grass" walkable="true" />
			<grass maxuniform="0.5" minuniform="0.35" density="8" />
		</tile>
		<tile>
			<ground url="misc/grass" walkable="true" />
			<grass maxuniform="0.5" minuniform="0.35" density="8" />
		</tile>
		<tile>
			<ground url="misc/grass" walkable="true" />
			<grass maxuniform="0.5" minuniform="0.35" density="8" />
		</tile>
		<tile>
			<ground url="misc/grass" walkable="true" />
			<grass maxuniform="0.5" minuniform="0.35" density="8" />
		</tile>
		<tile>
			<ground url="misc/grass" walkable="true" />
			<grass maxuniform="0.5" minuniform="0.35" density="8" />
		</tile>
		<tile>
			<ground url="misc/grass" walkable="true" />
			<grass maxuniform="0.5" minuniform="0.35" density="8" />
		</tile>
		<tile>
			<ground url="misc/grass" walkable="true" />
			<grass maxuniform="0.5" minuniform="0.35" density="8" />
		</tile>
		<tile>
			<ground url="misc/grass" walkable="true" />
			<grass maxuniform="0.5" minuniform="0.35" density="8" />
		</tile>
		<tile>
			<ground url="misc/grass" walkable="true" />
			<grass maxuniform="0.5" minuniform="0.35" density="8" />
		</tile>
		<tile>
			<ground url="misc/grass" walkable="true" />
			<grass maxuniform="0.5" minuniform="0.35" density="8" />
		</tile>
		<tile>
			<ground url="misc/grass" walkable="true" />
			<grass maxuniform="0.5" minuniform="0.35" density="8" />
		</tile>
		<tile>
			<ground url="misc/grass" walkable="true" />
			<grass maxuniform="0.5" minuniform="0.35" density="8" />
		</tile>
		<tile>
			<ground url="misc/grass" walkable="true" />
			<grass maxuniform="0.5" minuniform="0.35" density="8" />
		</tile>
		<tile>
			<ground url="misc/grass" walkable="true" />
			<grass maxuniform="0.5" minuniform="0.35" density="8" />
		</tile>
		<tile>
			<ground url="misc/grass" walkable="true" />
			<grass maxuniform="0.5" minuniform="0.35" density="8" />
		</tile>
	</row>
</data>
