<data tilesize="32.0" showcollisions="false" camdistance="20.0">
    <row>
        <tile><ground url="sets/OggettiCamera/pavimento" /></tile>
        <tile><ground url="sets/OggettiCamera/pavimento" /></tile>
        <tile><ground url="sets/OggettiCamera/pavimento" /></tile>
        <tile><ground url="sets/OggettiCamera/pavimento" /><character url="lucrezia" inclination="30" scale="11.5" playable="true" speed = "2.2" /></tile>
        <tile><ground url="sets/OggettiCamera/pavimento" /></tile>
        <tile><ground url="sets/OggettiCamera/pavimento" /></tile>
        <tile><ground url="sets/OggettiCamera/pavimento" /></tile>
        <tile><ground url="sets/OggettiCamera/pavimento" /><object url="sets/OggettiCamera/scrivaniadecente" inclination="2"/></tile>
   </row>
   <row>
        <tile><ground url="sets/OggettiCamera/pavimento" /></tile>
        <tile><ground url="sets/OggettiCamera/pavimento" /></tile>
        <tile><ground url="sets/OggettiCamera/pavimento" /></tile>
        <tile><ground url="sets/OggettiCamera/pavimento" /></tile>
        <tile><ground url="sets/OggettiCamera/pavimento" /></tile>
        <tile><ground url="sets/OggettiCamera/pavimento" /></tile>
        <tile><ground url="sets/OggettiCamera/pavimento" /></tile>
        <tile><ground url="sets/OggettiCamera/pavimento" /><object url="sets/OggettiCamera/libro" inclination="3" elevation="1.0"/></tile>
   </row>
   <row>
        <tile><ground url="sets/OggettiCamera/pavimento" /></tile>
        <tile><ground url="sets/OggettiCamera/pavimento" /></tile>
        <tile><ground url="sets/OggettiCamera/pavimento" /></tile>
        <tile><ground url="sets/OggettiCamera/pavimento" /></tile>
        <tile><ground url="sets/OggettiCamera/pavimento" /></tile>
        <tile><ground url="sets/OggettiCamera/pavimento" /></tile>
        <tile><ground url="sets/OggettiCamera/pavimento" /></tile>
        <tile><ground url="sets/OggettiCamera/pavimento" /></tile>
   </row>
   <row>
        <tile><ground url="sets/OggettiCamera/pavimento" /></tile>
        <tile><ground url="sets/OggettiCamera/pavimento" /></tile>
        <tile><ground url="sets/OggettiCamera/pavimento" /></tile>
        <tile><ground url="sets/OggettiCamera/pavimento" /></tile>
        <tile><ground url="sets/OggettiCamera/pavimento" /></tile>
        <tile><ground url="sets/OggettiCamera/pavimento" /></tile>
        <tile><ground url="sets/OggettiCamera/pavimento" /></tile>
        <tile><ground url="sets/OggettiCamera/pavimento" /></tile>
   </row>
   <row>
        <tile><ground url="sets/OggettiCamera/pavimento" /></tile>
        <tile><ground url="sets/OggettiCamera/pavimento" /></tile>
        <tile><ground url="sets/OggettiCamera/pavimento" /></tile>
        <tile><ground url="sets/OggettiCamera/pavimento" /></tile>
        <tile><ground url="sets/OggettiCamera/pavimento" /></tile>
        <tile><ground url="sets/OggettiCamera/pavimento" /></tile>
        <tile><ground url="sets/OggettiCamera/pavimento" /></tile>
        <tile><ground url="sets/OggettiCamera/pavimento" /></tile>
   </row>
   <row>
        <tile><ground url="sets/OggettiCamera/pavimento" /></tile>
        <tile><ground url="sets/OggettiCamera/pavimento" /></tile>
        <tile><ground url="sets/OggettiCamera/pavimento" /></tile>
        <tile><ground url="sets/OggettiCamera/pavimento" /></tile>
        <tile><ground url="sets/OggettiCamera/pavimento" /></tile>
        <tile><ground url="sets/OggettiCamera/pavimento" /></tile>
        <tile><ground url="sets/OggettiCamera/pavimento" /></tile>
        <tile><ground url="sets/OggettiCamera/pavimento" /></tile>
   </row>
   <row>
        <tile><ground url="sets/OggettiCamera/pavimento" /><object url="sets/OggettiCamera/letto" inclination="2"/></tile>
        <tile><ground url="sets/OggettiCamera/pavimento" /></tile>
        <tile><ground url="sets/OggettiCamera/pavimento" /><object url="sets/OggettiCamera/letto" inclination="2"/></tile>
        <tile><ground url="sets/OggettiCamera/pavimento" /></tile>
        <tile><ground url="sets/OggettiCamera/pavimento" /></tile>
        <tile><ground url="sets/OggettiCamera/pavimento" /></tile>
        <tile><ground url="sets/OggettiCamera/pavimento" /></tile>
        <tile><ground url="sets/OggettiCamera/pavimento" /></tile>
   </row>
   <row>
        <tile><ground url="sets/OggettiCamera/pavimento" /></tile>
        <tile><ground url="sets/OggettiCamera/pavimento" /><object url="sets/OggettiCamera/comodino" inclination="2"/></tile>
        <tile><ground url="sets/OggettiCamera/pavimento" /></tile>
        <tile><ground url="sets/OggettiCamera/pavimento" /></tile>
        <tile><ground url="sets/OggettiCamera/pavimento" /></tile>
        <tile><ground url="sets/OggettiCamera/pavimento" /></tile>
        <tile><ground url="sets/OggettiCamera/pavimento" /></tile>
        <tile><ground url="sets/OggettiCamera/pavimento" /></tile>
   </row>
</data>