<data tilesize="64.0" showcollisions="true" camdistance="10.0">
    <row>
        <tile><ground url="misc/ground" /><grass /></tile>
        <tile><ground url="misc/ground" /><grass /><character url="lucrezia" inclination="30" scale="6" playable="true" speed="3.0" /></tile>
        <tile><ground url="misc/ground" /><grass /></tile>
        <tile><ground url="misc/ground" /><grass /></tile>
        <tile><ground url="misc/ground" /><grass /></tile>
   </row>
   <row>
        <tile><ground url="misc/ground" /><grass /><object url="misc/obelisk" inclination="30" offsetwidth="0" offsetheight="0"/></tile>
        <tile><ground url="misc/ground" /><grass /><object url="misc/obelisk" inclination="30" offsetwidth="0" offsetheight="0"/></tile>
        <tile><ground url="misc/ground" /><grass /><ground url="misc/leaves" inclination="30"/></tile>
        <tile><ground url="misc/ground" /><grass /><object url="misc/obelisk" inclination="30"/></tile>
        <tile><ground url="misc/ground" /><grass /></tile>
   </row>
   <row>
        <tile><ground url="misc/ground" /><grass /></tile>
        <tile><ground url="misc/ground" /><grass /><object url="misc/tree" inclination="30" offsetwidth="-1.5" offsetheight="0"/></tile>
        <tile><ground url="misc/ground" /><grass /><ground url="misc/leaves" /></tile>
        <tile><ground url="misc/ground" /><grass /></tile>
        <tile><ground url="misc/ground" /><grass /></tile>
   </row>
   <row>
        <tile><ground url="misc/ground" /><grass /></tile>
        <tile><ground url="misc/ground" /><grass /><object url="misc/obelisk" inclination="30"/></tile>
        <tile><ground url="misc/ground" /><grass /></tile>
        <tile><ground url="misc/ground" /><grass /><object url="misc/obelisk" inclination="30"/></tile>
        <tile><ground url="misc/ground" /><grass /></tile>
   </row>
   <row>
        <tile><ground url="misc/ground" /><grass /></tile>
        <tile><ground url="misc/ground" /><grass /></tile>
        <tile><ground url="misc/ground" /><grass /></tile>
        <tile><ground url="misc/ground" /><grass /></tile>
        <tile><ground url="misc/ground" /><grass /></tile>
   </row>
</data>