<data tilesize="32.0" showcollisions="true" camdistance="20.0">
    <row>
        <tile><ground url="misc/ground" /><object url="misc/obelisk" inclination="3" elevation="0" scale="0.3"/></tile>
        <tile><ground url="misc/ground" /></tile>
        <tile><ground url="misc/ground" /></tile>
        <tile><ground url="misc/ground" /></tile>
        <tile><ground url="misc/ground" /><character url="lucrezia" inclination="30" scale="11.5" playable="true" speed = "2.2" /></tile>
        <tile><ground url="misc/ground" /></tile>
        <tile><ground url="misc/ground" /></tile>
        <tile><ground url="misc/ground" /></tile>
   </row>
   <row>
        <tile><ground url="misc/ground" /></tile>
        <tile><ground url="misc/ground" /></tile>
        <tile><ground url="misc/ground" /></tile>
        <tile><ground url="misc/ground" /></tile>
        <tile><ground url="misc/ground" /></tile>
        <tile><ground url="misc/ground" /></tile>
        <tile><ground url="misc/ground" /></tile>
        <tile><ground url="misc/ground" /></tile>
   </row>
   <row>
        <tile><ground url="misc/ground" /></tile>
        <tile><ground url="misc/ground" /></tile>
        <tile><ground url="misc/ground" /></tile>
        <tile><ground url="misc/ground" /></tile>
        <tile><ground url="misc/ground" /></tile>
        <tile><ground url="misc/ground" /></tile>
        <tile><ground url="misc/ground" /></tile>
        <tile><ground url="misc/ground" /></tile>
   </row>
   <row>
        <tile><ground url="misc/ground" /></tile>
        <tile><ground url="misc/ground" /></tile>
        <tile><ground url="misc/ground" /></tile>
        <tile><ground url="misc/ground" /></tile>
        <tile><ground url="misc/ground" /></tile>
        <tile><ground url="misc/ground" /></tile>
        <tile><ground url="misc/ground" /></tile>
        <tile><ground url="misc/ground" /></tile>
   </row>
   <row>
        <tile><ground url="misc/ground" /></tile>
        <tile><ground url="misc/ground" /></tile>
        <tile><ground url="misc/ground" /></tile>
        <tile><ground url="misc/ground" /></tile>
        <tile><ground url="misc/ground" /></tile>
        <tile><ground url="misc/ground" /></tile>
        <tile><ground url="misc/ground" /></tile>
        <tile><ground url="misc/ground" /></tile>
   </row>
   <row>
        <tile><ground url="misc/ground" /></tile>
        <tile><ground url="misc/ground" /></tile>
        <tile><ground url="misc/ground" /></tile>
        <tile><ground url="misc/ground" /></tile>
        <tile><ground url="misc/ground" /></tile>
        <tile><ground url="misc/ground" /></tile>
        <tile><ground url="misc/ground" /></tile>
        <tile><ground url="misc/ground" /></tile>
   </row>
   <row>
        <tile><ground url="misc/ground" /><object url="misc/obelisk" inclination="2" scale="0.3"/></tile>
        <tile><ground url="misc/ground" /></tile>
        <tile><ground url="misc/ground" /><object url="misc/obelisk" inclination="30" collisionmode="3d" scale="0.3"/></tile>
        <tile><ground url="misc/ground" /></tile>
        <tile><ground url="misc/ground" /></tile>
        <tile><ground url="misc/ground" /></tile>
        <tile><ground url="misc/ground" /></tile>
        <tile><ground url="misc/ground" /></tile>
   </row>
   <row>
        <tile><ground url="misc/ground" /></tile>
        <tile><ground url="misc/ground" /><object url="misc/obelisk" inclination="2" scale="0.3"/></tile>
        <tile><ground url="misc/ground" /></tile>
        <tile><ground url="misc/ground" /></tile>
        <tile><ground url="misc/ground" /></tile>
        <tile><ground url="misc/ground" /></tile>
        <tile><ground url="misc/ground" /></tile>
        <tile><ground url="misc/ground" /></tile>
   </row>
</data>